<?xml version="1.0"?>
<link_info>
   <banner>TI ARM Linker Unix v16.9.3.LTS</banner>
   <copyright>Copyright (c) 1996-2017 Texas Instruments Incorporated</copyright>
   <link_time>0x5c25fbdf</link_time>
   <link_errors>0x0</link_errors>
   <output_file>PEC5_1.out</output_file>
   <entry_point>
      <name>_c_int00</name>
      <address>0xf88d</address>
   </entry_point>
   <input_file_list>
      <input_file id="fl-2">
         <path>./</path>
         <kind>object</kind>
         <file>main.obj</file>
         <name>main.obj</name>
      </input_file>
      <input_file id="fl-3">
         <path>./</path>
         <kind>object</kind>
         <file>msp432_startup_ccs.obj</file>
         <name>msp432_startup_ccs.obj</name>
      </input_file>
      <input_file id="fl-4">
         <path>./</path>
         <kind>object</kind>
         <file>system_msp432p401r.obj</file>
         <name>system_msp432p401r.obj</name>
      </input_file>
      <input_file id="fl-5">
         <path>./freertos/cortex-m4/</path>
         <kind>object</kind>
         <file>port.obj</file>
         <name>port.obj</name>
      </input_file>
      <input_file id="fl-6">
         <path>./freertos/cortex-m4/</path>
         <kind>object</kind>
         <file>portasm.obj</file>
         <name>portasm.obj</name>
      </input_file>
      <input_file id="fl-7">
         <path>./freertos/src/</path>
         <kind>object</kind>
         <file>croutine.obj</file>
         <name>croutine.obj</name>
      </input_file>
      <input_file id="fl-8">
         <path>./freertos/src/</path>
         <kind>object</kind>
         <file>event_groups.obj</file>
         <name>event_groups.obj</name>
      </input_file>
      <input_file id="fl-9">
         <path>./freertos/src/</path>
         <kind>object</kind>
         <file>heap_2.obj</file>
         <name>heap_2.obj</name>
      </input_file>
      <input_file id="fl-a">
         <path>./freertos/src/</path>
         <kind>object</kind>
         <file>list.obj</file>
         <name>list.obj</name>
      </input_file>
      <input_file id="fl-b">
         <path>./freertos/src/</path>
         <kind>object</kind>
         <file>queue.obj</file>
         <name>queue.obj</name>
      </input_file>
      <input_file id="fl-c">
         <path>./freertos/src/</path>
         <kind>object</kind>
         <file>tasks.obj</file>
         <name>tasks.obj</name>
      </input_file>
      <input_file id="fl-d">
         <path>./freertos/src/</path>
         <kind>object</kind>
         <file>timers.obj</file>
         <name>timers.obj</name>
      </input_file>
      <input_file id="fl-e">
         <path>./ti/cc3100/board/</path>
         <kind>object</kind>
         <file>board.obj</file>
         <name>board.obj</name>
      </input_file>
      <input_file id="fl-f">
         <path>./ti/cc3100/board/</path>
         <kind>object</kind>
         <file>cli_uart.obj</file>
         <name>cli_uart.obj</name>
      </input_file>
      <input_file id="fl-10">
         <path>./ti/cc3100/board/</path>
         <kind>object</kind>
         <file>spi_cc3100.obj</file>
         <name>spi_cc3100.obj</name>
      </input_file>
      <input_file id="fl-11">
         <path>./ti/cc3100/oslib/</path>
         <kind>object</kind>
         <file>osi_freertos.obj</file>
         <name>osi_freertos.obj</name>
      </input_file>
      <input_file id="fl-12">
         <path>./ti/cc3100/simplelink/source/</path>
         <kind>object</kind>
         <file>device.obj</file>
         <name>device.obj</name>
      </input_file>
      <input_file id="fl-13">
         <path>./ti/cc3100/simplelink/source/</path>
         <kind>object</kind>
         <file>driver.obj</file>
         <name>driver.obj</name>
      </input_file>
      <input_file id="fl-14">
         <path>./ti/cc3100/simplelink/source/</path>
         <kind>object</kind>
         <file>flowcont.obj</file>
         <name>flowcont.obj</name>
      </input_file>
      <input_file id="fl-15">
         <path>./ti/cc3100/simplelink/source/</path>
         <kind>object</kind>
         <file>fs.obj</file>
         <name>fs.obj</name>
      </input_file>
      <input_file id="fl-16">
         <path>./ti/cc3100/simplelink/source/</path>
         <kind>object</kind>
         <file>netapp.obj</file>
         <name>netapp.obj</name>
      </input_file>
      <input_file id="fl-17">
         <path>./ti/cc3100/simplelink/source/</path>
         <kind>object</kind>
         <file>netcfg.obj</file>
         <name>netcfg.obj</name>
      </input_file>
      <input_file id="fl-18">
         <path>./ti/cc3100/simplelink/source/</path>
         <kind>object</kind>
         <file>socket.obj</file>
         <name>socket.obj</name>
      </input_file>
      <input_file id="fl-19">
         <path>./ti/cc3100/simplelink/source/</path>
         <kind>object</kind>
         <file>spawn.obj</file>
         <name>spawn.obj</name>
      </input_file>
      <input_file id="fl-1a">
         <path>./ti/cc3100/simplelink/source/</path>
         <kind>object</kind>
         <file>wlan.obj</file>
         <name>wlan.obj</name>
      </input_file>
      <input_file id="fl-1b">
         <path>./ti/graphics/</path>
         <kind>object</kind>
         <file>button.obj</file>
         <name>button.obj</name>
      </input_file>
      <input_file id="fl-1c">
         <path>./ti/graphics/</path>
         <kind>object</kind>
         <file>checkbox.obj</file>
         <name>checkbox.obj</name>
      </input_file>
      <input_file id="fl-1d">
         <path>./ti/graphics/</path>
         <kind>object</kind>
         <file>circle.obj</file>
         <name>circle.obj</name>
      </input_file>
      <input_file id="fl-1e">
         <path>./ti/graphics/</path>
         <kind>object</kind>
         <file>context.obj</file>
         <name>context.obj</name>
      </input_file>
      <input_file id="fl-1f">
         <path>./ti/graphics/</path>
         <kind>object</kind>
         <file>display.obj</file>
         <name>display.obj</name>
      </input_file>
      <input_file id="fl-20">
         <path>./ti/graphics/</path>
         <kind>object</kind>
         <file>fontfixed6x8.obj</file>
         <name>fontfixed6x8.obj</name>
      </input_file>
      <input_file id="fl-21">
         <path>./ti/graphics/</path>
         <kind>object</kind>
         <file>image.obj</file>
         <name>image.obj</name>
      </input_file>
      <input_file id="fl-22">
         <path>./ti/graphics/</path>
         <kind>object</kind>
         <file>imageButton.obj</file>
         <name>imageButton.obj</name>
      </input_file>
      <input_file id="fl-23">
         <path>./ti/graphics/</path>
         <kind>object</kind>
         <file>line.obj</file>
         <name>line.obj</name>
      </input_file>
      <input_file id="fl-24">
         <path>./ti/graphics/</path>
         <kind>object</kind>
         <file>radioButton.obj</file>
         <name>radioButton.obj</name>
      </input_file>
      <input_file id="fl-25">
         <path>./ti/graphics/</path>
         <kind>object</kind>
         <file>rectangle.obj</file>
         <name>rectangle.obj</name>
      </input_file>
      <input_file id="fl-26">
         <path>./ti/graphics/</path>
         <kind>object</kind>
         <file>string.obj</file>
         <name>string.obj</name>
      </input_file>
      <input_file id="fl-27">
         <path>./ti/lcd/</path>
         <kind>object</kind>
         <file>st7735.obj</file>
         <name>st7735.obj</name>
      </input_file>
      <input_file id="fl-28">
         <path>./ti/lcd/</path>
         <kind>object</kind>
         <file>st7735_msp432.obj</file>
         <name>st7735_msp432.obj</name>
      </input_file>
      <input_file id="fl-29">
         <path>./ti/msp432/</path>
         <kind>object</kind>
         <file>adc14.obj</file>
         <name>adc14.obj</name>
      </input_file>
      <input_file id="fl-2a">
         <path>./ti/msp432/</path>
         <kind>object</kind>
         <file>aes256.obj</file>
         <name>aes256.obj</name>
      </input_file>
      <input_file id="fl-2b">
         <path>./ti/msp432/</path>
         <kind>object</kind>
         <file>comp_e.obj</file>
         <name>comp_e.obj</name>
      </input_file>
      <input_file id="fl-2c">
         <path>./ti/msp432/</path>
         <kind>object</kind>
         <file>cpu.obj</file>
         <name>cpu.obj</name>
      </input_file>
      <input_file id="fl-2d">
         <path>./ti/msp432/</path>
         <kind>object</kind>
         <file>crc32.obj</file>
         <name>crc32.obj</name>
      </input_file>
      <input_file id="fl-2e">
         <path>./ti/msp432/</path>
         <kind>object</kind>
         <file>cs.obj</file>
         <name>cs.obj</name>
      </input_file>
      <input_file id="fl-2f">
         <path>./ti/msp432/</path>
         <kind>object</kind>
         <file>dma.obj</file>
         <name>dma.obj</name>
      </input_file>
      <input_file id="fl-30">
         <path>./ti/msp432/</path>
         <kind>object</kind>
         <file>flash.obj</file>
         <name>flash.obj</name>
      </input_file>
      <input_file id="fl-31">
         <path>./ti/msp432/</path>
         <kind>object</kind>
         <file>fpu.obj</file>
         <name>fpu.obj</name>
      </input_file>
      <input_file id="fl-32">
         <path>./ti/msp432/</path>
         <kind>object</kind>
         <file>gpio.obj</file>
         <name>gpio.obj</name>
      </input_file>
      <input_file id="fl-33">
         <path>./ti/msp432/</path>
         <kind>object</kind>
         <file>i2c.obj</file>
         <name>i2c.obj</name>
      </input_file>
      <input_file id="fl-34">
         <path>./ti/msp432/</path>
         <kind>object</kind>
         <file>interrupt.obj</file>
         <name>interrupt.obj</name>
      </input_file>
      <input_file id="fl-35">
         <path>./ti/msp432/</path>
         <kind>object</kind>
         <file>mpu.obj</file>
         <name>mpu.obj</name>
      </input_file>
      <input_file id="fl-36">
         <path>./ti/msp432/</path>
         <kind>object</kind>
         <file>pcm.obj</file>
         <name>pcm.obj</name>
      </input_file>
      <input_file id="fl-37">
         <path>./ti/msp432/</path>
         <kind>object</kind>
         <file>pmap.obj</file>
         <name>pmap.obj</name>
      </input_file>
      <input_file id="fl-38">
         <path>./ti/msp432/</path>
         <kind>object</kind>
         <file>pss.obj</file>
         <name>pss.obj</name>
      </input_file>
      <input_file id="fl-39">
         <path>./ti/msp432/</path>
         <kind>object</kind>
         <file>ref_a.obj</file>
         <name>ref_a.obj</name>
      </input_file>
      <input_file id="fl-3a">
         <path>./ti/msp432/</path>
         <kind>object</kind>
         <file>reset.obj</file>
         <name>reset.obj</name>
      </input_file>
      <input_file id="fl-3b">
         <path>./ti/msp432/</path>
         <kind>object</kind>
         <file>rtc_c.obj</file>
         <name>rtc_c.obj</name>
      </input_file>
      <input_file id="fl-3c">
         <path>./ti/msp432/</path>
         <kind>object</kind>
         <file>spi.obj</file>
         <name>spi.obj</name>
      </input_file>
      <input_file id="fl-3d">
         <path>./ti/msp432/</path>
         <kind>object</kind>
         <file>sysctl.obj</file>
         <name>sysctl.obj</name>
      </input_file>
      <input_file id="fl-3e">
         <path>./ti/msp432/</path>
         <kind>object</kind>
         <file>systick.obj</file>
         <name>systick.obj</name>
      </input_file>
      <input_file id="fl-3f">
         <path>./ti/msp432/</path>
         <kind>object</kind>
         <file>timer32.obj</file>
         <name>timer32.obj</name>
      </input_file>
      <input_file id="fl-40">
         <path>./ti/msp432/</path>
         <kind>object</kind>
         <file>timer_a.obj</file>
         <name>timer_a.obj</name>
      </input_file>
      <input_file id="fl-41">
         <path>./ti/msp432/</path>
         <kind>object</kind>
         <file>uart.obj</file>
         <name>uart.obj</name>
      </input_file>
      <input_file id="fl-42">
         <path>./ti/msp432/</path>
         <kind>object</kind>
         <file>wdt_a.obj</file>
         <name>wdt_a.obj</name>
      </input_file>
      <input_file id="fl-43">
         <path>./ti/sensors/</path>
         <kind>object</kind>
         <file>bme280.obj</file>
         <name>bme280.obj</name>
      </input_file>
      <input_file id="fl-44">
         <path>./ti/sensors/</path>
         <kind>object</kind>
         <file>bme280_support.obj</file>
         <name>bme280_support.obj</name>
      </input_file>
      <input_file id="fl-45">
         <path>./ti/sensors/</path>
         <kind>object</kind>
         <file>bmi160.obj</file>
         <name>bmi160.obj</name>
      </input_file>
      <input_file id="fl-46">
         <path>./ti/sensors/</path>
         <kind>object</kind>
         <file>bmi160_support.obj</file>
         <name>bmi160_support.obj</name>
      </input_file>
      <input_file id="fl-47">
         <path>./ti/sensors/</path>
         <kind>object</kind>
         <file>bmx_utils.obj</file>
         <name>bmx_utils.obj</name>
      </input_file>
      <input_file id="fl-48">
         <path>./ti/sensors/</path>
         <kind>object</kind>
         <file>i2c_driver.obj</file>
         <name>i2c_driver.obj</name>
      </input_file>
      <input_file id="fl-49">
         <path>./ti/sensors/</path>
         <kind>object</kind>
         <file>opt3001.obj</file>
         <name>opt3001.obj</name>
      </input_file>
      <input_file id="fl-4a">
         <path>./ti/sensors/</path>
         <kind>object</kind>
         <file>tmp006.obj</file>
         <name>tmp006.obj</name>
      </input_file>
      <input_file id="fl-4b">
         <path>./ti/sensors/</path>
         <kind>object</kind>
         <file>tmp007.obj</file>
         <name>tmp007.obj</name>
      </input_file>
      <input_file id="fl-4c">
         <path>./uoc/ti_cc3100_boosterpack/</path>
         <kind>object</kind>
         <file>cc3100_boosterpack.obj</file>
         <name>cc3100_boosterpack.obj</name>
      </input_file>
      <input_file id="fl-4d">
         <path>./uoc/ti_cc3100_boosterpack/</path>
         <kind>object</kind>
         <file>cc3100_boosterpack_sntp.obj</file>
         <name>cc3100_boosterpack_sntp.obj</name>
      </input_file>
      <input_file id="fl-4e">
         <path>./uoc/ti_edu_boosterpack/</path>
         <kind>object</kind>
         <file>edu_boosterpack_buzzer.obj</file>
         <name>edu_boosterpack_buzzer.obj</name>
      </input_file>
      <input_file id="fl-4f">
         <path>./uoc/ti_edu_boosterpack/</path>
         <kind>object</kind>
         <file>edu_boosterpack_microphone.obj</file>
         <name>edu_boosterpack_microphone.obj</name>
      </input_file>
      <input_file id="fl-50">
         <path>./uoc/ti_edu_boosterpack/</path>
         <kind>object</kind>
         <file>edu_boosterpack_rgb.obj</file>
         <name>edu_boosterpack_rgb.obj</name>
      </input_file>
      <input_file id="fl-51">
         <path>./uoc/ti_edu_boosterpack/</path>
         <kind>object</kind>
         <file>edu_boosterpack_sensors.obj</file>
         <name>edu_boosterpack_sensors.obj</name>
      </input_file>
      <input_file id="fl-52">
         <path>./uoc/ti_msp432_launchpad/</path>
         <kind>object</kind>
         <file>msp432_launchpad_board.obj</file>
         <name>msp432_launchpad_board.obj</name>
      </input_file>
      <input_file id="fl-53">
         <path>./uoc/ti_msp432_launchpad/</path>
         <kind>object</kind>
         <file>msp432_launchpad_temperature.obj</file>
         <name>msp432_launchpad_temperature.obj</name>
      </input_file>
      <input_file id="fl-58">
         <kind>object</kind>
         <file>&lt;internal&gt;</file>
         <name>&lt;internal&gt;</name>
      </input_file>
      <input_file id="fl-10e">
         <path>/home/marius/ti/ccsv7/tools/compiler/ti-cgt-arm_16.9.3.LTS/lib/</path>
         <kind>archive</kind>
         <file>rtsv7M4_T_le_v4SPD16_eabi.lib</file>
         <name>boot.obj</name>
      </input_file>
      <input_file id="fl-10f">
         <path>/home/marius/ti/ccsv7/tools/compiler/ti-cgt-arm_16.9.3.LTS/lib/</path>
         <kind>archive</kind>
         <file>rtsv7M4_T_le_v4SPD16_eabi.lib</file>
         <name>copy_decompress_lzss.obj</name>
      </input_file>
      <input_file id="fl-110">
         <path>/home/marius/ti/ccsv7/tools/compiler/ti-cgt-arm_16.9.3.LTS/lib/</path>
         <kind>archive</kind>
         <file>rtsv7M4_T_le_v4SPD16_eabi.lib</file>
         <name>copy_decompress_none.obj</name>
      </input_file>
      <input_file id="fl-111">
         <path>/home/marius/ti/ccsv7/tools/compiler/ti-cgt-arm_16.9.3.LTS/lib/</path>
         <kind>archive</kind>
         <file>rtsv7M4_T_le_v4SPD16_eabi.lib</file>
         <name>copy_zero_init.obj</name>
      </input_file>
      <input_file id="fl-112">
         <path>/home/marius/ti/ccsv7/tools/compiler/ti-cgt-arm_16.9.3.LTS/lib/</path>
         <kind>archive</kind>
         <file>rtsv7M4_T_le_v4SPD16_eabi.lib</file>
         <name>e_pow.obj</name>
      </input_file>
      <input_file id="fl-113">
         <path>/home/marius/ti/ccsv7/tools/compiler/ti-cgt-arm_16.9.3.LTS/lib/</path>
         <kind>archive</kind>
         <file>rtsv7M4_T_le_v4SPD16_eabi.lib</file>
         <name>e_sqrt.obj</name>
      </input_file>
      <input_file id="fl-114">
         <path>/home/marius/ti/ccsv7/tools/compiler/ti-cgt-arm_16.9.3.LTS/lib/</path>
         <kind>archive</kind>
         <file>rtsv7M4_T_le_v4SPD16_eabi.lib</file>
         <name>errno.obj</name>
      </input_file>
      <input_file id="fl-115">
         <path>/home/marius/ti/ccsv7/tools/compiler/ti-cgt-arm_16.9.3.LTS/lib/</path>
         <kind>archive</kind>
         <file>rtsv7M4_T_le_v4SPD16_eabi.lib</file>
         <name>exit.obj</name>
      </input_file>
      <input_file id="fl-116">
         <path>/home/marius/ti/ccsv7/tools/compiler/ti-cgt-arm_16.9.3.LTS/lib/</path>
         <kind>archive</kind>
         <file>rtsv7M4_T_le_v4SPD16_eabi.lib</file>
         <name>fd_add_t2.obj</name>
      </input_file>
      <input_file id="fl-117">
         <path>/home/marius/ti/ccsv7/tools/compiler/ti-cgt-arm_16.9.3.LTS/lib/</path>
         <kind>archive</kind>
         <file>rtsv7M4_T_le_v4SPD16_eabi.lib</file>
         <name>fd_cmp_t2.obj</name>
      </input_file>
      <input_file id="fl-118">
         <path>/home/marius/ti/ccsv7/tools/compiler/ti-cgt-arm_16.9.3.LTS/lib/</path>
         <kind>archive</kind>
         <file>rtsv7M4_T_le_v4SPD16_eabi.lib</file>
         <name>fd_div_t2.obj</name>
      </input_file>
      <input_file id="fl-119">
         <path>/home/marius/ti/ccsv7/tools/compiler/ti-cgt-arm_16.9.3.LTS/lib/</path>
         <kind>archive</kind>
         <file>rtsv7M4_T_le_v4SPD16_eabi.lib</file>
         <name>fd_mul_t2.obj</name>
      </input_file>
      <input_file id="fl-11a">
         <path>/home/marius/ti/ccsv7/tools/compiler/ti-cgt-arm_16.9.3.LTS/lib/</path>
         <kind>archive</kind>
         <file>rtsv7M4_T_le_v4SPD16_eabi.lib</file>
         <name>fd_toi_t2.obj</name>
      </input_file>
      <input_file id="fl-11b">
         <path>/home/marius/ti/ccsv7/tools/compiler/ti-cgt-arm_16.9.3.LTS/lib/</path>
         <kind>archive</kind>
         <file>rtsv7M4_T_le_v4SPD16_eabi.lib</file>
         <name>fd_tos_t2.obj</name>
      </input_file>
      <input_file id="fl-11c">
         <path>/home/marius/ti/ccsv7/tools/compiler/ti-cgt-arm_16.9.3.LTS/lib/</path>
         <kind>archive</kind>
         <file>rtsv7M4_T_le_v4SPD16_eabi.lib</file>
         <name>fs_tod_t2.obj</name>
      </input_file>
      <input_file id="fl-11d">
         <path>/home/marius/ti/ccsv7/tools/compiler/ti-cgt-arm_16.9.3.LTS/lib/</path>
         <kind>archive</kind>
         <file>rtsv7M4_T_le_v4SPD16_eabi.lib</file>
         <name>i_tofd_t2.obj</name>
      </input_file>
      <input_file id="fl-11e">
         <path>/home/marius/ti/ccsv7/tools/compiler/ti-cgt-arm_16.9.3.LTS/lib/</path>
         <kind>archive</kind>
         <file>rtsv7M4_T_le_v4SPD16_eabi.lib</file>
         <name>ll_div_t2.obj</name>
      </input_file>
      <input_file id="fl-11f">
         <path>/home/marius/ti/ccsv7/tools/compiler/ti-cgt-arm_16.9.3.LTS/lib/</path>
         <kind>archive</kind>
         <file>rtsv7M4_T_le_v4SPD16_eabi.lib</file>
         <name>ll_mul_t2.obj</name>
      </input_file>
      <input_file id="fl-120">
         <path>/home/marius/ti/ccsv7/tools/compiler/ti-cgt-arm_16.9.3.LTS/lib/</path>
         <kind>archive</kind>
         <file>rtsv7M4_T_le_v4SPD16_eabi.lib</file>
         <name>memcpy_t2.obj</name>
      </input_file>
      <input_file id="fl-121">
         <path>/home/marius/ti/ccsv7/tools/compiler/ti-cgt-arm_16.9.3.LTS/lib/</path>
         <kind>archive</kind>
         <file>rtsv7M4_T_le_v4SPD16_eabi.lib</file>
         <name>memset_t2.obj</name>
      </input_file>
      <input_file id="fl-122">
         <path>/home/marius/ti/ccsv7/tools/compiler/ti-cgt-arm_16.9.3.LTS/lib/</path>
         <kind>archive</kind>
         <file>rtsv7M4_T_le_v4SPD16_eabi.lib</file>
         <name>mpu_init.obj</name>
      </input_file>
      <input_file id="fl-123">
         <path>/home/marius/ti/ccsv7/tools/compiler/ti-cgt-arm_16.9.3.LTS/lib/</path>
         <kind>archive</kind>
         <file>rtsv7M4_T_le_v4SPD16_eabi.lib</file>
         <name>pre_init.obj</name>
      </input_file>
      <input_file id="fl-124">
         <path>/home/marius/ti/ccsv7/tools/compiler/ti-cgt-arm_16.9.3.LTS/lib/</path>
         <kind>archive</kind>
         <file>rtsv7M4_T_le_v4SPD16_eabi.lib</file>
         <name>s_exp2.obj</name>
      </input_file>
      <input_file id="fl-125">
         <path>/home/marius/ti/ccsv7/tools/compiler/ti-cgt-arm_16.9.3.LTS/lib/</path>
         <kind>archive</kind>
         <file>rtsv7M4_T_le_v4SPD16_eabi.lib</file>
         <name>s_scalbn.obj</name>
      </input_file>
      <input_file id="fl-126">
         <path>/home/marius/ti/ccsv7/tools/compiler/ti-cgt-arm_16.9.3.LTS/lib/</path>
         <kind>archive</kind>
         <file>rtsv7M4_T_le_v4SPD16_eabi.lib</file>
         <name>snprintf.obj</name>
      </input_file>
      <input_file id="fl-127">
         <path>/home/marius/ti/ccsv7/tools/compiler/ti-cgt-arm_16.9.3.LTS/lib/</path>
         <kind>archive</kind>
         <file>rtsv7M4_T_le_v4SPD16_eabi.lib</file>
         <name>stkdepth_vars.obj</name>
      </input_file>
      <input_file id="fl-128">
         <path>/home/marius/ti/ccsv7/tools/compiler/ti-cgt-arm_16.9.3.LTS/lib/</path>
         <kind>archive</kind>
         <file>rtsv7M4_T_le_v4SPD16_eabi.lib</file>
         <name>strlen.obj</name>
      </input_file>
      <input_file id="fl-129">
         <path>/home/marius/ti/ccsv7/tools/compiler/ti-cgt-arm_16.9.3.LTS/lib/</path>
         <kind>archive</kind>
         <file>rtsv7M4_T_le_v4SPD16_eabi.lib</file>
         <name>u_tofd_t2.obj</name>
      </input_file>
      <input_file id="fl-12a">
         <path>/home/marius/ti/ccsv7/tools/compiler/ti-cgt-arm_16.9.3.LTS/lib/</path>
         <kind>archive</kind>
         <file>rtsv7M4_T_le_v4SPD16_eabi.lib</file>
         <name>_lock.obj</name>
      </input_file>
      <input_file id="fl-12b">
         <path>/home/marius/ti/ccsv7/tools/compiler/ti-cgt-arm_16.9.3.LTS/lib/</path>
         <kind>archive</kind>
         <file>rtsv7M4_T_le_v4SPD16_eabi.lib</file>
         <name>_printfi.obj</name>
      </input_file>
      <input_file id="fl-12c">
         <path>/home/marius/ti/ccsv7/tools/compiler/ti-cgt-arm_16.9.3.LTS/lib/</path>
         <kind>archive</kind>
         <file>rtsv7M4_T_le_v4SPD16_eabi.lib</file>
         <name>args_main.obj</name>
      </input_file>
      <input_file id="fl-12d">
         <path>/home/marius/ti/ccsv7/tools/compiler/ti-cgt-arm_16.9.3.LTS/lib/</path>
         <kind>archive</kind>
         <file>rtsv7M4_T_le_v4SPD16_eabi.lib</file>
         <name>atoi.obj</name>
      </input_file>
      <input_file id="fl-12e">
         <path>/home/marius/ti/ccsv7/tools/compiler/ti-cgt-arm_16.9.3.LTS/lib/</path>
         <kind>archive</kind>
         <file>rtsv7M4_T_le_v4SPD16_eabi.lib</file>
         <name>autoinit.obj</name>
      </input_file>
      <input_file id="fl-12f">
         <path>/home/marius/ti/ccsv7/tools/compiler/ti-cgt-arm_16.9.3.LTS/lib/</path>
         <kind>archive</kind>
         <file>rtsv7M4_T_le_v4SPD16_eabi.lib</file>
         <name>cpy_tbl.obj</name>
      </input_file>
      <input_file id="fl-130">
         <path>/home/marius/ti/ccsv7/tools/compiler/ti-cgt-arm_16.9.3.LTS/lib/</path>
         <kind>archive</kind>
         <file>rtsv7M4_T_le_v4SPD16_eabi.lib</file>
         <name>ctype.obj</name>
      </input_file>
      <input_file id="fl-131">
         <path>/home/marius/ti/ccsv7/tools/compiler/ti-cgt-arm_16.9.3.LTS/lib/</path>
         <kind>archive</kind>
         <file>rtsv7M4_T_le_v4SPD16_eabi.lib</file>
         <name>l_div0.obj</name>
      </input_file>
      <input_file id="fl-132">
         <path>/home/marius/ti/ccsv7/tools/compiler/ti-cgt-arm_16.9.3.LTS/lib/</path>
         <kind>archive</kind>
         <file>rtsv7M4_T_le_v4SPD16_eabi.lib</file>
         <name>ltoa.obj</name>
      </input_file>
      <input_file id="fl-133">
         <path>/home/marius/ti/ccsv7/tools/compiler/ti-cgt-arm_16.9.3.LTS/lib/</path>
         <kind>archive</kind>
         <file>rtsv7M4_T_le_v4SPD16_eabi.lib</file>
         <name>memccpy.obj</name>
      </input_file>
      <input_file id="fl-134">
         <path>/home/marius/ti/ccsv7/tools/compiler/ti-cgt-arm_16.9.3.LTS/lib/</path>
         <kind>archive</kind>
         <file>rtsv7M4_T_le_v4SPD16_eabi.lib</file>
         <name>s_copysign.obj</name>
      </input_file>
      <input_file id="fl-135">
         <path>/home/marius/ti/ccsv7/tools/compiler/ti-cgt-arm_16.9.3.LTS/lib/</path>
         <kind>archive</kind>
         <file>rtsv7M4_T_le_v4SPD16_eabi.lib</file>
         <name>s_frexp.obj</name>
      </input_file>
      <input_file id="fl-136">
         <path>/home/marius/ti/ccsv7/tools/compiler/ti-cgt-arm_16.9.3.LTS/lib/</path>
         <kind>archive</kind>
         <file>rtsv7M4_T_le_v4SPD16_eabi.lib</file>
         <name>startup.obj</name>
      </input_file>
      <input_file id="fl-137">
         <path>/home/marius/ti/ccsv7/tools/compiler/ti-cgt-arm_16.9.3.LTS/lib/</path>
         <kind>archive</kind>
         <file>rtsv7M4_T_le_v4SPD16_eabi.lib</file>
         <name>strchr.obj</name>
      </input_file>
      <input_file id="fl-138">
         <path>/home/marius/ti/ccsv7/tools/compiler/ti-cgt-arm_16.9.3.LTS/lib/</path>
         <kind>archive</kind>
         <file>rtsv7M4_T_le_v4SPD16_eabi.lib</file>
         <name>ull_div_t2.obj</name>
      </input_file>
   </input_file_list>
   <object_component_list>
      <object_component id="oc-10">
         <name>.intvecs:retain</name>
         <load_address>0x0</load_address>
         <run_address>0x0</run_address>
         <size>0x144</size>
         <input_file_ref idref="fl-3"/>
      </object_component>
      <object_component id="oc-395">
         <name>.text</name>
         <load_address>0x144</load_address>
         <run_address>0x144</run_address>
         <size>0x1c2c</size>
         <input_file_ref idref="fl-13"/>
      </object_component>
      <object_component id="oc-aa">
         <name>.text</name>
         <load_address>0x1d70</load_address>
         <run_address>0x1d70</run_address>
         <size>0x1a10</size>
         <input_file_ref idref="fl-c"/>
      </object_component>
      <object_component id="oc-305">
         <name>.text</name>
         <load_address>0x3780</load_address>
         <run_address>0x3780</run_address>
         <size>0x113e</size>
         <input_file_ref idref="fl-12b"/>
      </object_component>
      <object_component id="oc-7b">
         <name>.text</name>
         <load_address>0x48be</load_address>
         <run_address>0x48be</run_address>
         <size>0x2</size>
         <input_file_ref idref="fl-122"/>
      </object_component>
      <object_component id="oc-2d7">
         <name>.text</name>
         <load_address>0x48c0</load_address>
         <run_address>0x48c0</run_address>
         <size>0xe08</size>
         <input_file_ref idref="fl-18"/>
      </object_component>
      <object_component id="oc-b1">
         <name>.text</name>
         <load_address>0x56c8</load_address>
         <run_address>0x56c8</run_address>
         <size>0xd7c</size>
         <input_file_ref idref="fl-2e"/>
      </object_component>
      <object_component id="oc-1f3">
         <name>.text</name>
         <load_address>0x6444</load_address>
         <run_address>0x6444</run_address>
         <size>0xca4</size>
         <input_file_ref idref="fl-b"/>
      </object_component>
      <object_component id="oc-2e9">
         <name>.text</name>
         <load_address>0x70e8</load_address>
         <run_address>0x70e8</run_address>
         <size>0xc08</size>
         <input_file_ref idref="fl-1a"/>
      </object_component>
      <object_component id="oc-2dd">
         <name>.text</name>
         <load_address>0x7cf0</load_address>
         <run_address>0x7cf0</run_address>
         <size>0xb04</size>
         <input_file_ref idref="fl-16"/>
      </object_component>
      <object_component id="oc-365">
         <name>.text</name>
         <load_address>0x87f4</load_address>
         <run_address>0x87f4</run_address>
         <size>0x9ac</size>
         <input_file_ref idref="fl-112"/>
      </object_component>
      <object_component id="oc-1f9">
         <name>.text</name>
         <load_address>0x91a0</load_address>
         <run_address>0x91a0</run_address>
         <size>0x928</size>
         <input_file_ref idref="fl-4c"/>
      </object_component>
      <object_component id="oc-2c0">
         <name>.text</name>
         <load_address>0x9ac8</load_address>
         <run_address>0x9ac8</run_address>
         <size>0x8e0</size>
         <input_file_ref idref="fl-29"/>
      </object_component>
      <object_component id="oc-d4">
         <name>.text</name>
         <load_address>0xa3a8</load_address>
         <run_address>0xa3a8</run_address>
         <size>0x7a8</size>
         <input_file_ref idref="fl-33"/>
      </object_component>
      <object_component id="oc-515">
         <name>.text</name>
         <load_address>0xab50</load_address>
         <run_address>0xab50</run_address>
         <size>0x780</size>
         <input_file_ref idref="fl-2f"/>
      </object_component>
      <object_component id="oc-43">
         <name>.text</name>
         <load_address>0xb2d0</load_address>
         <run_address>0xb2d0</run_address>
         <size>0x5b8</size>
         <input_file_ref idref="fl-48"/>
      </object_component>
      <object_component id="oc-2cb">
         <name>.text</name>
         <load_address>0xb888</load_address>
         <run_address>0xb888</run_address>
         <size>0x4f0</size>
         <input_file_ref idref="fl-12"/>
      </object_component>
      <object_component id="oc-20a">
         <name>.text</name>
         <load_address>0xbd78</load_address>
         <run_address>0xbd78</run_address>
         <size>0x448</size>
         <input_file_ref idref="fl-11"/>
      </object_component>
      <object_component id="oc-2b4">
         <name>.text</name>
         <load_address>0xc1c0</load_address>
         <run_address>0xc1c0</run_address>
         <size>0x43c</size>
         <input_file_ref idref="fl-4a"/>
      </object_component>
      <object_component id="oc-17a">
         <name>.text</name>
         <load_address>0xc5fc</load_address>
         <run_address>0xc5fc</run_address>
         <size>0x3f0</size>
         <input_file_ref idref="fl-34"/>
      </object_component>
      <object_component id="oc-39b">
         <name>.text</name>
         <load_address>0xc9ec</load_address>
         <run_address>0xc9ec</run_address>
         <size>0x3e0</size>
         <input_file_ref idref="fl-10"/>
      </object_component>
      <object_component id="oc-1ed">
         <name>.text</name>
         <load_address>0xcdcc</load_address>
         <run_address>0xcdcc</run_address>
         <size>0x3c8</size>
         <input_file_ref idref="fl-52"/>
      </object_component>
      <object_component id="oc-9d">
         <name>.text</name>
         <load_address>0xd194</load_address>
         <run_address>0xd194</run_address>
         <size>0x328</size>
         <input_file_ref idref="fl-4"/>
      </object_component>
      <object_component id="oc-12e">
         <name>.text</name>
         <load_address>0xd4bc</load_address>
         <run_address>0xd4bc</run_address>
         <size>0x2e4</size>
         <input_file_ref idref="fl-2"/>
      </object_component>
      <object_component id="oc-1e7">
         <name>.text</name>
         <load_address>0xd7a0</load_address>
         <run_address>0xd7a0</run_address>
         <size>0x2b0</size>
         <input_file_ref idref="fl-51"/>
      </object_component>
      <object_component id="oc-49">
         <name>.text</name>
         <load_address>0xda50</load_address>
         <run_address>0xda50</run_address>
         <size>0x28c</size>
         <input_file_ref idref="fl-4f"/>
      </object_component>
      <object_component id="oc-37">
         <name>.text</name>
         <load_address>0xdcdc</load_address>
         <run_address>0xdcdc</run_address>
         <size>0x288</size>
         <input_file_ref idref="fl-5"/>
      </object_component>
      <object_component id="oc-174">
         <name>.text</name>
         <load_address>0xdf64</load_address>
         <run_address>0xdf64</run_address>
         <size>0x244</size>
         <input_file_ref idref="fl-3d"/>
      </object_component>
      <object_component id="oc-37f">
         <name>.text</name>
         <load_address>0xe1a8</load_address>
         <run_address>0xe1a8</run_address>
         <size>0x1fc</size>
         <input_file_ref idref="fl-124"/>
      </object_component>
      <object_component id="oc-472">
         <name>.text</name>
         <load_address>0xe3a4</load_address>
         <run_address>0xe3a4</run_address>
         <size>0x1f4</size>
         <input_file_ref idref="fl-138"/>
      </object_component>
      <object_component id="oc-4f">
         <name>.text</name>
         <load_address>0xe598</load_address>
         <run_address>0xe598</run_address>
         <size>0x1cc</size>
         <input_file_ref idref="fl-e"/>
      </object_component>
      <object_component id="oc-14f">
         <name>.text</name>
         <load_address>0xe764</load_address>
         <run_address>0xe764</run_address>
         <size>0x1cc</size>
         <input_file_ref idref="fl-9"/>
      </object_component>
      <object_component id="oc-360">
         <name>.text</name>
         <load_address>0xe930</load_address>
         <run_address>0xe930</run_address>
         <size>0x1b6</size>
         <input_file_ref idref="fl-116"/>
      </object_component>
      <object_component id="oc-126">
         <name>.text</name>
         <load_address>0xeae6</load_address>
         <run_address>0xeae6</run_address>
         <size>0x2</size>
         <input_file_ref idref="fl-136"/>
      </object_component>
      <object_component id="oc-4d6">
         <name>.text</name>
         <load_address>0xeae8</load_address>
         <run_address>0xeae8</run_address>
         <size>0x170</size>
         <input_file_ref idref="fl-113"/>
      </object_component>
      <object_component id="oc-2ba">
         <name>.text</name>
         <load_address>0xec58</load_address>
         <run_address>0xec58</run_address>
         <size>0x16c</size>
         <input_file_ref idref="fl-49"/>
      </object_component>
      <object_component id="oc-2d1">
         <name>.text</name>
         <load_address>0xedc4</load_address>
         <run_address>0xedc4</run_address>
         <size>0x138</size>
         <input_file_ref idref="fl-17"/>
      </object_component>
      <object_component id="oc-36b">
         <name>.text</name>
         <load_address>0xeefc</load_address>
         <run_address>0xeefc</run_address>
         <size>0x136</size>
         <input_file_ref idref="fl-118"/>
      </object_component>
      <object_component id="oc-155">
         <name>.text</name>
         <load_address>0xf032</load_address>
         <run_address>0xf032</run_address>
         <size>0x12a</size>
         <input_file_ref idref="fl-a"/>
      </object_component>
      <object_component id="oc-35b">
         <name>.text</name>
         <load_address>0xf15c</load_address>
         <run_address>0xf15c</run_address>
         <size>0xfc</size>
         <input_file_ref idref="fl-119"/>
      </object_component>
      <object_component id="oc-498">
         <name>.text</name>
         <load_address>0xf258</load_address>
         <run_address>0xf258</run_address>
         <size>0xfc</size>
         <input_file_ref idref="fl-125"/>
      </object_component>
      <object_component id="oc-32">
         <name>.text</name>
         <load_address>0xf354</load_address>
         <run_address>0xf354</run_address>
         <size>0xd2</size>
         <input_file_ref idref="fl-6"/>
      </object_component>
      <object_component id="oc-63">
         <name>.text</name>
         <load_address>0xf426</load_address>
         <run_address>0xf426</run_address>
         <size>0x9c</size>
         <input_file_ref idref="fl-120"/>
      </object_component>
      <object_component id="oc-204">
         <name>.text</name>
         <load_address>0xf4c4</load_address>
         <run_address>0xf4c4</run_address>
         <size>0x94</size>
         <input_file_ref idref="fl-126"/>
      </object_component>
      <object_component id="oc-47d">
         <name>.text:__aeabi_cdcmple</name>
         <load_address>0xf558</load_address>
         <run_address>0xf558</run_address>
         <size>0x86</size>
         <input_file_ref idref="fl-117"/>
      </object_component>
      <object_component id="oc-482">
         <name>.text:__aeabi_cdrcmple</name>
         <load_address>0xf5de</load_address>
         <run_address>0xf5de</run_address>
         <size>0x86</size>
         <input_file_ref idref="fl-117"/>
      </object_component>
      <object_component id="oc-6f">
         <name>.text</name>
         <load_address>0xf664</load_address>
         <run_address>0xf664</run_address>
         <size>0x7a</size>
         <input_file_ref idref="fl-121"/>
      </object_component>
      <object_component id="oc-87">
         <name>.text</name>
         <load_address>0xf6e0</load_address>
         <run_address>0xf6e0</run_address>
         <size>0x70</size>
         <input_file_ref idref="fl-12e"/>
      </object_component>
      <object_component id="oc-370">
         <name>.text</name>
         <load_address>0xf750</load_address>
         <run_address>0xf750</run_address>
         <size>0x6e</size>
         <input_file_ref idref="fl-11b"/>
      </object_component>
      <object_component id="oc-13">
         <name>.text:decompress:lzss</name>
         <load_address>0xf7be</load_address>
         <run_address>0xf7be</run_address>
         <size>0x68</size>
         <input_file_ref idref="fl-10f"/>
      </object_component>
      <object_component id="oc-492">
         <name>.text</name>
         <load_address>0xf828</load_address>
         <run_address>0xf828</run_address>
         <size>0x64</size>
         <input_file_ref idref="fl-135"/>
      </object_component>
      <object_component id="oc-25">
         <name>.text</name>
         <load_address>0xf88c</load_address>
         <run_address>0xf88c</run_address>
         <size>0x54</size>
         <input_file_ref idref="fl-10e"/>
      </object_component>
      <object_component id="oc-93">
         <name>.text</name>
         <load_address>0xf8e0</load_address>
         <run_address>0xf8e0</run_address>
         <size>0x54</size>
         <input_file_ref idref="fl-115"/>
      </object_component>
      <object_component id="oc-48c">
         <name>.text</name>
         <load_address>0xf934</load_address>
         <run_address>0xf934</run_address>
         <size>0x54</size>
         <input_file_ref idref="fl-132"/>
      </object_component>
      <object_component id="oc-4a4">
         <name>.text</name>
         <load_address>0xf988</load_address>
         <run_address>0xf988</run_address>
         <size>0x4c</size>
         <input_file_ref idref="fl-12d"/>
      </object_component>
      <object_component id="oc-120">
         <name>.text</name>
         <load_address>0xf9d4</load_address>
         <run_address>0xf9d4</run_address>
         <size>0x4c</size>
         <input_file_ref idref="fl-12f"/>
      </object_component>
      <object_component id="oc-487">
         <name>.text</name>
         <load_address>0xfa20</load_address>
         <run_address>0xfa20</run_address>
         <size>0x48</size>
         <input_file_ref idref="fl-11a"/>
      </object_component>
      <object_component id="oc-3d">
         <name>.text</name>
         <load_address>0xfa68</load_address>
         <run_address>0xfa68</run_address>
         <size>0x40</size>
         <input_file_ref idref="fl-f"/>
      </object_component>
      <object_component id="oc-272">
         <name>.text</name>
         <load_address>0xfaa8</load_address>
         <run_address>0xfaa8</run_address>
         <size>0x3e</size>
         <input_file_ref idref="fl-2c"/>
      </object_component>
      <object_component id="oc-1ff">
         <name>.text</name>
         <load_address>0xfae6</load_address>
         <run_address>0xfae6</run_address>
         <size>0x38</size>
         <input_file_ref idref="fl-11c"/>
      </object_component>
      <object_component id="oc-356">
         <name>.text</name>
         <load_address>0xfb1e</load_address>
         <run_address>0xfb1e</run_address>
         <size>0x2e</size>
         <input_file_ref idref="fl-11d"/>
      </object_component>
      <object_component id="oc-2c">
         <name>.text</name>
         <load_address>0xfb4c</load_address>
         <run_address>0xfb4c</run_address>
         <size>0x20</size>
         <input_file_ref idref="fl-3"/>
      </object_component>
      <object_component id="oc-37a">
         <name>.text</name>
         <load_address>0xfb6c</load_address>
         <run_address>0xfb6c</run_address>
         <size>0x20</size>
         <input_file_ref idref="fl-129"/>
      </object_component>
      <object_component id="oc-4aa">
         <name>.text</name>
         <load_address>0xfb8c</load_address>
         <run_address>0xfb8c</run_address>
         <size>0x1c</size>
         <input_file_ref idref="fl-133"/>
      </object_component>
      <object_component id="oc-8d">
         <name>.text</name>
         <load_address>0xfba8</load_address>
         <run_address>0xfba8</run_address>
         <size>0x18</size>
         <input_file_ref idref="fl-12c"/>
      </object_component>
      <object_component id="oc-49e">
         <name>.text</name>
         <load_address>0xfbc0</load_address>
         <run_address>0xfbc0</run_address>
         <size>0x16</size>
         <input_file_ref idref="fl-137"/>
      </object_component>
      <object_component id="oc-22e">
         <name>.text</name>
         <load_address>0xfbd8</load_address>
         <run_address>0xfbd8</run_address>
         <size>0x14</size>
         <input_file_ref idref="fl-12a"/>
      </object_component>
      <object_component id="oc-59f">
         <name>.text</name>
         <load_address>0xfbec</load_address>
         <run_address>0xfbec</run_address>
         <size>0x14</size>
         <input_file_ref idref="fl-134"/>
      </object_component>
      <object_component id="oc-477">
         <name>.text</name>
         <load_address>0xfc00</load_address>
         <run_address>0xfc00</run_address>
         <size>0x14</size>
         <input_file_ref idref="fl-128"/>
      </object_component>
      <object_component id="oc-19">
         <name>.text:decompress:none</name>
         <load_address>0xfc14</load_address>
         <run_address>0xfc14</run_address>
         <size>0xe</size>
         <input_file_ref idref="fl-110"/>
      </object_component>
      <object_component id="oc-1f">
         <name>.text:decompress:ZI</name>
         <load_address>0xfc22</load_address>
         <run_address>0xfc22</run_address>
         <size>0xc</size>
         <input_file_ref idref="fl-111"/>
      </object_component>
      <object_component id="oc-81">
         <name>.text</name>
         <load_address>0xfc2e</load_address>
         <run_address>0xfc2e</run_address>
         <size>0x4</size>
         <input_file_ref idref="fl-123"/>
      </object_component>
      <object_component id="oc-4f1">
         <name>.const:tbl</name>
         <load_address>0xfc38</load_address>
         <run_address>0xfc38</run_address>
         <size>0x1000</size>
         <input_file_ref idref="fl-124"/>
      </object_component>
      <object_component id="oc-5a9">
         <name>.const:.string:_ctypes_</name>
         <load_address>0x10c38</load_address>
         <run_address>0x10c38</run_address>
         <size>0x101</size>
         <input_file_ref idref="fl-130"/>
      </object_component>
      <object_component id="oc-250">
         <name>.const</name>
         <load_address>0x10d3a</load_address>
         <run_address>0x10d3a</run_address>
         <size>0x2</size>
         <input_file_ref idref="fl-9"/>
      </object_component>
      <object_component id="oc-387">
         <name>.const:_ctlRegs</name>
         <load_address>0x10d3c</load_address>
         <run_address>0x10d3c</run_address>
         <size>0x80</size>
         <input_file_ref idref="fl-29"/>
      </object_component>
      <object_component id="oc-27e">
         <name>.const:g_pulRegs</name>
         <load_address>0x10dbc</load_address>
         <run_address>0x10dbc</run_address>
         <size>0x50</size>
         <input_file_ref idref="fl-34"/>
      </object_component>
      <object_component id="oc-503">
         <name>.const:OpcodeTranslateTable</name>
         <load_address>0x10e0c</load_address>
         <run_address>0x10e0c</run_address>
         <size>0x3c</size>
         <input_file_ref idref="fl-13"/>
      </object_component>
      <object_component id="oc-50c">
         <name>.const:_SlActionLookupTable</name>
         <load_address>0x10e48</load_address>
         <run_address>0x10e48</run_address>
         <size>0x38</size>
         <input_file_ref idref="fl-13"/>
      </object_component>
      <object_component id="oc-4df">
         <name>.const:$O1$$</name>
         <load_address>0x10e80</load_address>
         <run_address>0x10e80</run_address>
         <size>0x30</size>
         <input_file_ref idref="fl-112"/>
      </object_component>
      <object_component id="oc-2ef">
         <name>.const:$P$T1$2</name>
         <load_address>0x10eb0</load_address>
         <run_address>0x10eb0</run_address>
         <size>0x2c</size>
         <input_file_ref idref="fl-4c"/>
      </object_component>
      <object_component id="oc-506">
         <name>.const:RxMsgClassLUT</name>
         <load_address>0x10edc</load_address>
         <run_address>0x10edc</run_address>
         <size>0x20</size>
         <input_file_ref idref="fl-13"/>
      </object_component>
      <object_component id="oc-27b">
         <name>.const:g_pulPriority</name>
         <load_address>0x10efc</load_address>
         <run_address>0x10efc</run_address>
         <size>0x20</size>
         <input_file_ref idref="fl-34"/>
      </object_component>
      <object_component id="oc-51b">
         <name>.const:spiMasterConfig</name>
         <load_address>0x10f1c</load_address>
         <run_address>0x10f1c</run_address>
         <size>0x1c</size>
         <input_file_ref idref="fl-10"/>
      </object_component>
      <object_component id="oc-2f2">
         <name>.const:$P$T2$3</name>
         <load_address>0x10f38</load_address>
         <run_address>0x10f38</run_address>
         <size>0x14</size>
         <input_file_ref idref="fl-4c"/>
      </object_component>
      <object_component id="oc-210">
         <name>.const:$P$T0$1</name>
         <load_address>0x10f4c</load_address>
         <run_address>0x10f4c</run_address>
         <size>0x10</size>
         <input_file_ref idref="fl-2"/>
      </object_component>
      <object_component id="oc-214">
         <name>.const:$P$T1$2</name>
         <load_address>0x10f5c</load_address>
         <run_address>0x10f5c</run_address>
         <size>0x10</size>
         <input_file_ref idref="fl-2"/>
      </object_component>
      <object_component id="oc-3dc">
         <name>.const:.string:_SlPayloadByProtocolLUT</name>
         <load_address>0x10f6c</load_address>
         <run_address>0x10f6c</run_address>
         <size>0x10</size>
         <input_file_ref idref="fl-18"/>
      </object_component>
      <object_component id="oc-2f5">
         <name>.const:$P$T3$4</name>
         <load_address>0x10f7c</load_address>
         <run_address>0x10f7c</run_address>
         <size>0xc</size>
         <input_file_ref idref="fl-4c"/>
      </object_component>
      <object_component id="oc-3a1">
         <name>.const:StartResponseLUT</name>
         <load_address>0x10f88</load_address>
         <run_address>0x10f88</run_address>
         <size>0x8</size>
         <input_file_ref idref="fl-12"/>
      </object_component>
      <object_component id="oc-509">
         <name>.const:g_H2NCnysPattern</name>
         <load_address>0x10f90</load_address>
         <run_address>0x10f90</run_address>
         <size>0x8</size>
         <input_file_ref idref="fl-13"/>
      </object_component>
      <object_component id="oc-500">
         <name>.const:g_H2NSyncPattern</name>
         <load_address>0x10f98</load_address>
         <run_address>0x10f98</run_address>
         <size>0x8</size>
         <input_file_ref idref="fl-13"/>
      </object_component>
      <object_component id="oc-284">
         <name>.const:g_pulDisRegs</name>
         <load_address>0x10fa0</load_address>
         <run_address>0x10fa0</run_address>
         <size>0x8</size>
         <input_file_ref idref="fl-34"/>
      </object_component>
      <object_component id="oc-281">
         <name>.const:g_pulEnRegs</name>
         <load_address>0x10fa8</load_address>
         <run_address>0x10fa8</run_address>
         <size>0x8</size>
         <input_file_ref idref="fl-34"/>
      </object_component>
      <object_component id="oc-287">
         <name>.const:g_pulPendRegs</name>
         <load_address>0x10fb0</load_address>
         <run_address>0x10fb0</run_address>
         <size>0x8</size>
         <input_file_ref idref="fl-34"/>
      </object_component>
      <object_component id="oc-28a">
         <name>.const:g_pulUnpendRegs</name>
         <load_address>0x10fb8</load_address>
         <run_address>0x10fb8</run_address>
         <size>0x8</size>
         <input_file_ref idref="fl-34"/>
      </object_component>
      <object_component id="oc-a7">
         <name>.const</name>
         <load_address>0x10fc0</load_address>
         <run_address>0x10fc0</run_address>
         <size>0x8</size>
         <input_file_ref idref="fl-5"/>
      </object_component>
      <object_component id="oc-2e6">
         <name>.const:$P$T0$1</name>
         <load_address>0x10fc8</load_address>
         <run_address>0x10fc8</run_address>
         <size>0x4</size>
         <input_file_ref idref="fl-4c"/>
      </object_component>
      <object_component id="oc-41f">
         <name>.const:$P$T0$1</name>
         <load_address>0x10fcc</load_address>
         <run_address>0x10fcc</run_address>
         <size>0x4</size>
         <input_file_ref idref="fl-16"/>
      </object_component>
      <object_component id="oc-3e5">
         <name>.const:$P$T0$1</name>
         <load_address>0x10fd0</load_address>
         <run_address>0x10fd0</run_address>
         <size>0x4</size>
         <input_file_ref idref="fl-18"/>
      </object_component>
      <object_component id="oc-436">
         <name>.const:$P$T0$1</name>
         <load_address>0x10fd4</load_address>
         <run_address>0x10fd4</run_address>
         <size>0x4</size>
         <input_file_ref idref="fl-1a"/>
      </object_component>
      <object_component id="oc-3e8">
         <name>.const:$P$T1$2</name>
         <load_address>0x10fd8</load_address>
         <run_address>0x10fd8</run_address>
         <size>0x4</size>
         <input_file_ref idref="fl-18"/>
      </object_component>
      <object_component id="oc-43f">
         <name>.const:$P$T1$2</name>
         <load_address>0x10fdc</load_address>
         <run_address>0x10fdc</run_address>
         <size>0x4</size>
         <input_file_ref idref="fl-1a"/>
      </object_component>
      <object_component id="oc-3ee">
         <name>.const:$P$T2$3</name>
         <load_address>0x10fe0</load_address>
         <run_address>0x10fe0</run_address>
         <size>0x4</size>
         <input_file_ref idref="fl-18"/>
      </object_component>
      <object_component id="oc-454">
         <name>.const:$P$T2$3</name>
         <load_address>0x10fe4</load_address>
         <run_address>0x10fe4</run_address>
         <size>0x4</size>
         <input_file_ref idref="fl-1a"/>
      </object_component>
      <object_component id="oc-3f7">
         <name>.const:_SlAcceptCmdCtrl</name>
         <load_address>0x10fe8</load_address>
         <run_address>0x10fe8</run_address>
         <size>0x4</size>
         <input_file_ref idref="fl-18"/>
      </object_component>
      <object_component id="oc-3b3">
         <name>.const:_SlDeviceGetCmdCtrl</name>
         <load_address>0x10fec</load_address>
         <run_address>0x10fec</run_address>
         <size>0x4</size>
         <input_file_ref idref="fl-12"/>
      </object_component>
      <object_component id="oc-3b6">
         <name>.const:_SlDeviceSetCmdCtrl</name>
         <load_address>0x10ff0</load_address>
         <run_address>0x10ff0</run_address>
         <size>0x4</size>
         <input_file_ref idref="fl-12"/>
      </object_component>
      <object_component id="oc-3b0">
         <name>.const:_SlEventMaskGetCmdCtrl</name>
         <load_address>0x10ff4</load_address>
         <run_address>0x10ff4</run_address>
         <size>0x4</size>
         <input_file_ref idref="fl-12"/>
      </object_component>
      <object_component id="oc-3ad">
         <name>.const:_SlEventMaskSetCmdCtrl</name>
         <load_address>0x10ff8</load_address>
         <run_address>0x10ff8</run_address>
         <size>0x4</size>
         <input_file_ref idref="fl-12"/>
      </object_component>
      <object_component id="oc-41c">
         <name>.const:_SlGetHostByNameCtrl</name>
         <load_address>0x10ffc</load_address>
         <run_address>0x10ffc</run_address>
         <size>0x4</size>
         <input_file_ref idref="fl-16"/>
      </object_component>
      <object_component id="oc-419">
         <name>.const:_SlGetHostByServiceCtrl</name>
         <load_address>0x11000</load_address>
         <run_address>0x11000</run_address>
         <size>0x4</size>
         <input_file_ref idref="fl-16"/>
      </object_component>
      <object_component id="oc-413">
         <name>.const:_SlGetServiceListeCtrl</name>
         <load_address>0x11004</load_address>
         <run_address>0x11004</run_address>
         <size>0x4</size>
         <input_file_ref idref="fl-16"/>
      </object_component>
      <object_component id="oc-400">
         <name>.const:_SlGetSockOptCmdCtrl</name>
         <load_address>0x11008</load_address>
         <run_address>0x11008</run_address>
         <size>0x4</size>
         <input_file_ref idref="fl-18"/>
      </object_component>
      <object_component id="oc-3f4">
         <name>.const:_SlListenCmdCtrl</name>
         <load_address>0x1100c</load_address>
         <run_address>0x1100c</run_address>
         <size>0x4</size>
         <input_file_ref idref="fl-18"/>
      </object_component>
      <object_component id="oc-428">
         <name>.const:_SlNetAppGetCmdCtrl</name>
         <load_address>0x11010</load_address>
         <run_address>0x11010</run_address>
         <size>0x4</size>
         <input_file_ref idref="fl-16"/>
      </object_component>
      <object_component id="oc-425">
         <name>.const:_SlNetAppSendTokenValueCmdCtrl</name>
         <load_address>0x11014</load_address>
         <run_address>0x11014</run_address>
         <size>0x4</size>
         <input_file_ref idref="fl-16"/>
      </object_component>
      <object_component id="oc-422">
         <name>.const:_SlNetAppSetCmdCtrl</name>
         <load_address>0x11018</load_address>
         <run_address>0x11018</run_address>
         <size>0x4</size>
         <input_file_ref idref="fl-16"/>
      </object_component>
      <object_component id="oc-40d">
         <name>.const:_SlNetAppStartCtrl</name>
         <load_address>0x1101c</load_address>
         <run_address>0x1101c</run_address>
         <size>0x4</size>
         <input_file_ref idref="fl-16"/>
      </object_component>
      <object_component id="oc-410">
         <name>.const:_SlNetAppStopCtrl</name>
         <load_address>0x11020</load_address>
         <run_address>0x11020</run_address>
         <size>0x4</size>
         <input_file_ref idref="fl-16"/>
      </object_component>
      <object_component id="oc-3d2">
         <name>.const:_SlNetCfgGetCmdCtrl</name>
         <load_address>0x11024</load_address>
         <run_address>0x11024</run_address>
         <size>0x4</size>
         <input_file_ref idref="fl-17"/>
      </object_component>
      <object_component id="oc-3cf">
         <name>.const:_SlNetCfgSetCmdCtrl</name>
         <load_address>0x11028</load_address>
         <run_address>0x11028</run_address>
         <size>0x4</size>
         <input_file_ref idref="fl-17"/>
      </object_component>
      <object_component id="oc-43c">
         <name>.const:_SlPolicyGetCmdCtrl</name>
         <load_address>0x1102c</load_address>
         <run_address>0x1102c</run_address>
         <size>0x4</size>
         <input_file_ref idref="fl-1a"/>
      </object_component>
      <object_component id="oc-439">
         <name>.const:_SlPolicySetCmdCtrl</name>
         <load_address>0x11030</load_address>
         <run_address>0x11030</run_address>
         <size>0x4</size>
         <input_file_ref idref="fl-1a"/>
      </object_component>
      <object_component id="oc-445">
         <name>.const:_SlProfileDelCmdCtrl</name>
         <load_address>0x11034</load_address>
         <run_address>0x11034</run_address>
         <size>0x4</size>
         <input_file_ref idref="fl-1a"/>
      </object_component>
      <object_component id="oc-442">
         <name>.const:_SlProfileGetCmdCtrl</name>
         <load_address>0x11038</load_address>
         <run_address>0x11038</run_address>
         <size>0x4</size>
         <input_file_ref idref="fl-1a"/>
      </object_component>
      <object_component id="oc-3fa">
         <name>.const:_SlRecvCmdCtrl</name>
         <load_address>0x1103c</load_address>
         <run_address>0x1103c</run_address>
         <size>0x4</size>
         <input_file_ref idref="fl-18"/>
      </object_component>
      <object_component id="oc-3eb">
         <name>.const:_SlRecvfomCmdCtrl</name>
         <load_address>0x11040</load_address>
         <run_address>0x11040</run_address>
         <size>0x4</size>
         <input_file_ref idref="fl-18"/>
      </object_component>
      <object_component id="oc-416">
         <name>.const:_SlRegisterServiceCtrl</name>
         <load_address>0x11044</load_address>
         <run_address>0x11044</run_address>
         <size>0x4</size>
         <input_file_ref idref="fl-16"/>
      </object_component>
      <object_component id="oc-44b">
         <name>.const:_SlRxFilterAddtCmdCtrl</name>
         <load_address>0x11048</load_address>
         <run_address>0x11048</run_address>
         <size>0x4</size>
         <input_file_ref idref="fl-1a"/>
      </object_component>
      <object_component id="oc-451">
         <name>.const:_SlRxFilterGetCmdCtrl</name>
         <load_address>0x1104c</load_address>
         <run_address>0x1104c</run_address>
         <size>0x4</size>
         <input_file_ref idref="fl-1a"/>
      </object_component>
      <object_component id="oc-44e">
         <name>.const:_SlRxFilterSetCmdCtrl</name>
         <load_address>0x11050</load_address>
         <run_address>0x11050</run_address>
         <size>0x4</size>
         <input_file_ref idref="fl-1a"/>
      </object_component>
      <object_component id="oc-403">
         <name>.const:_SlSelectCmdCtrl</name>
         <load_address>0x11054</load_address>
         <run_address>0x11054</run_address>
         <size>0x4</size>
         <input_file_ref idref="fl-18"/>
      </object_component>
      <object_component id="oc-3f1">
         <name>.const:_SlSendCmdCtrl</name>
         <load_address>0x11058</load_address>
         <run_address>0x11058</run_address>
         <size>0x4</size>
         <input_file_ref idref="fl-18"/>
      </object_component>
      <object_component id="oc-3fd">
         <name>.const:_SlSetSockOptCmdCtrl</name>
         <load_address>0x1105c</load_address>
         <run_address>0x1105c</run_address>
         <size>0x4</size>
         <input_file_ref idref="fl-18"/>
      </object_component>
      <object_component id="oc-457">
         <name>.const:_SlSmartConfigStartCmdCtrl</name>
         <load_address>0x11060</load_address>
         <run_address>0x11060</run_address>
         <size>0x4</size>
         <input_file_ref idref="fl-1a"/>
      </object_component>
      <object_component id="oc-3e2">
         <name>.const:_SlSockCloseCmdCtrl</name>
         <load_address>0x11064</load_address>
         <run_address>0x11064</run_address>
         <size>0x4</size>
         <input_file_ref idref="fl-18"/>
      </object_component>
      <object_component id="oc-3df">
         <name>.const:_SlSockSocketCmdCtrl</name>
         <load_address>0x11068</load_address>
         <run_address>0x11068</run_address>
         <size>0x4</size>
         <input_file_ref idref="fl-18"/>
      </object_component>
      <object_component id="oc-3aa">
         <name>.const:_SlStopCmdCtrl</name>
         <load_address>0x1106c</load_address>
         <run_address>0x1106c</run_address>
         <size>0x4</size>
         <input_file_ref idref="fl-12"/>
      </object_component>
      <object_component id="oc-460">
         <name>.const:_SlWlanCfgGetCmdCtrl</name>
         <load_address>0x11070</load_address>
         <run_address>0x11070</run_address>
         <size>0x4</size>
         <input_file_ref idref="fl-1a"/>
      </object_component>
      <object_component id="oc-45d">
         <name>.const:_SlWlanCfgSetCmdCtrl</name>
         <load_address>0x11074</load_address>
         <run_address>0x11074</run_address>
         <size>0x4</size>
         <input_file_ref idref="fl-1a"/>
      </object_component>
      <object_component id="oc-448">
         <name>.const:_SlWlanGetNetworkListCtrl</name>
         <load_address>0x11078</load_address>
         <run_address>0x11078</run_address>
         <size>0x4</size>
         <input_file_ref idref="fl-1a"/>
      </object_component>
      <object_component id="oc-45a">
         <name>.const:_SlWlanSetModeCmdCtrl</name>
         <load_address>0x1107c</load_address>
         <run_address>0x1107c</run_address>
         <size>0x4</size>
         <input_file_ref idref="fl-1a"/>
      </object_component>
      <object_component id="oc-60d">
         <name>.cinit..data.load</name>
         <load_address>0x11080</load_address>
         <run_address>0x11080</run_address>
         <size>0x50</size>
      </object_component>
      <object_component id="oc-60a">
         <name>__TI_handler_table</name>
         <load_address>0x110d0</load_address>
         <run_address>0x110d0</run_address>
         <size>0xc</size>
      </object_component>
      <object_component id="oc-60e">
         <name>.cinit..bss.load</name>
         <load_address>0x110e0</load_address>
         <run_address>0x110e0</run_address>
         <size>0x8</size>
      </object_component>
      <object_component id="oc-60c">
         <name>.cinit..vtable.load</name>
         <load_address>0x110e8</load_address>
         <run_address>0x110e8</run_address>
         <size>0x8</size>
      </object_component>
      <object_component id="oc-60b">
         <name>__TI_cinit_table</name>
         <load_address>0x110f0</load_address>
         <run_address>0x110f0</run_address>
         <size>0x18</size>
      </object_component>
      <object_component id="oc-278">
         <name>.vtable</name>
         <uninitialized>true</uninitialized>
         <run_address>0x20000000</run_address>
         <size>0xe4</size>
         <input_file_ref idref="fl-34"/>
      </object_component>
      <object_component id="oc-141">
         <name>.data</name>
         <load_address>0x200001ac</load_address>
         <run_address>0x200001ac</run_address>
         <size>0x4</size>
         <input_file_ref idref="fl-4"/>
      </object_component>
      <object_component id="oc-b7">
         <name>.data</name>
         <load_address>0x20000170</load_address>
         <run_address>0x20000170</run_address>
         <size>0xc</size>
         <input_file_ref idref="fl-5"/>
      </object_component>
      <object_component id="oc-24d">
         <name>.data</name>
         <load_address>0x20000190</load_address>
         <run_address>0x20000190</run_address>
         <size>0x8</size>
         <input_file_ref idref="fl-9"/>
      </object_component>
      <object_component id="oc-a4">
         <name>.data</name>
         <load_address>0x200000e8</load_address>
         <run_address>0x200000e8</run_address>
         <size>0x34</size>
         <input_file_ref idref="fl-c"/>
      </object_component>
      <object_component id="oc-f5">
         <name>.data</name>
         <load_address>0x200001a0</load_address>
         <run_address>0x200001a0</run_address>
         <size>0x4</size>
         <input_file_ref idref="fl-e"/>
      </object_component>
      <object_component id="oc-31c">
         <name>.data</name>
         <load_address>0x20000164</load_address>
         <run_address>0x20000164</run_address>
         <size>0xc</size>
         <input_file_ref idref="fl-11"/>
      </object_component>
      <object_component id="oc-3a7">
         <name>.data</name>
         <load_address>0x2000017c</load_address>
         <run_address>0x2000017c</run_address>
         <size>0x9</size>
         <input_file_ref idref="fl-13"/>
      </object_component>
      <object_component id="oc-db">
         <name>.data</name>
         <load_address>0x20000185</load_address>
         <run_address>0x20000185</run_address>
         <size>0x1</size>
         <input_file_ref idref="fl-48"/>
      </object_component>
      <object_component id="oc-cd">
         <name>.data:i2cConfig</name>
         <load_address>0x20000134</load_address>
         <run_address>0x20000134</run_address>
         <size>0x14</size>
         <input_file_ref idref="fl-48"/>
      </object_component>
      <object_component id="oc-375">
         <name>.data</name>
         <load_address>0x20000198</load_address>
         <run_address>0x20000198</run_address>
         <size>0x8</size>
         <input_file_ref idref="fl-4a"/>
      </object_component>
      <object_component id="oc-e5">
         <name>.data:microphone</name>
         <load_address>0x20000148</load_address>
         <run_address>0x20000148</run_address>
         <size>0x10</size>
         <input_file_ref idref="fl-4f"/>
      </object_component>
      <object_component id="oc-e8">
         <name>.data:pwmConfig</name>
         <load_address>0x2000011c</load_address>
         <run_address>0x2000011c</run_address>
         <size>0x18</size>
         <input_file_ref idref="fl-4f"/>
      </object_component>
      <object_component id="oc-4dc">
         <name>.data</name>
         <load_address>0x200001a4</load_address>
         <run_address>0x200001a4</run_address>
         <size>0x4</size>
         <input_file_ref idref="fl-114"/>
      </object_component>
      <object_component id="oc-136">
         <name>.data:$O1$$</name>
         <load_address>0x20000158</load_address>
         <run_address>0x20000158</run_address>
         <size>0xc</size>
         <input_file_ref idref="fl-115"/>
      </object_component>
      <object_component id="oc-99">
         <name>.data</name>
         <load_address>0x200001a8</load_address>
         <run_address>0x200001a8</run_address>
         <size>0x4</size>
         <input_file_ref idref="fl-127"/>
      </object_component>
      <object_component id="oc-139">
         <name>.data:$O1$$</name>
         <load_address>0x20000188</load_address>
         <run_address>0x20000188</run_address>
         <size>0x8</size>
         <input_file_ref idref="fl-12a"/>
      </object_component>
      <object_component id="oc-217">
         <name>.bss:tx_buffer</name>
         <uninitialized>true</uninitialized>
         <run_address>0x2000d400</run_address>
         <size>0x200</size>
         <input_file_ref idref="fl-2"/>
      </object_component>
      <object_component id="oc-259">
         <name>.bss:ucHeap</name>
         <uninitialized>true</uninitialized>
         <run_address>0x20000400</run_address>
         <size>0xc800</size>
         <input_file_ref idref="fl-9"/>
      </object_component>
      <object_component id="oc-253">
         <name>.bss:xStart</name>
         <uninitialized>true</uninitialized>
         <run_address>0x2000da58</run_address>
         <size>0x8</size>
         <input_file_ref idref="fl-9"/>
      </object_component>
      <object_component id="oc-256">
         <name>.bss:xEnd</name>
         <uninitialized>true</uninitialized>
         <run_address>0x2000da50</run_address>
         <size>0x8</size>
         <input_file_ref idref="fl-9"/>
      </object_component>
      <object_component id="oc-15b">
         <name>.bss:pxReadyTasksLists</name>
         <uninitialized>true</uninitialized>
         <run_address>0x2000d778</run_address>
         <size>0x64</size>
         <input_file_ref idref="fl-c"/>
      </object_component>
      <object_component id="oc-16a">
         <name>.bss:xDelayedTaskList1</name>
         <uninitialized>true</uninitialized>
         <run_address>0x2000d7dc</run_address>
         <size>0x14</size>
         <input_file_ref idref="fl-c"/>
      </object_component>
      <object_component id="oc-16d">
         <name>.bss:xDelayedTaskList2</name>
         <uninitialized>true</uninitialized>
         <run_address>0x2000da00</run_address>
         <size>0x14</size>
         <input_file_ref idref="fl-c"/>
      </object_component>
      <object_component id="oc-161">
         <name>.bss</name>
         <uninitialized>true</uninitialized>
         <run_address>0x2000d7f8</run_address>
         <size>0x8</size>
         <input_file_ref idref="fl-c"/>
      </object_component>
      <object_component id="oc-167">
         <name>.bss:xPendingReadyList</name>
         <uninitialized>true</uninitialized>
         <run_address>0x2000da14</run_address>
         <size>0x14</size>
         <input_file_ref idref="fl-c"/>
      </object_component>
      <object_component id="oc-15e">
         <name>.bss:xTasksWaitingTermination</name>
         <uninitialized>true</uninitialized>
         <run_address>0x2000da3c</run_address>
         <size>0x14</size>
         <input_file_ref idref="fl-c"/>
      </object_component>
      <object_component id="oc-164">
         <name>.bss:xSuspendedTaskList</name>
         <uninitialized>true</uninitialized>
         <run_address>0x2000da28</run_address>
         <size>0x14</size>
         <input_file_ref idref="fl-c"/>
      </object_component>
      <object_component id="oc-4fc">
         <name>.bss:g_StatMem</name>
         <uninitialized>true</uninitialized>
         <run_address>0x2000d600</run_address>
         <size>0x178</size>
         <input_file_ref idref="fl-13"/>
      </object_component>
      <object_component id="oc-171">
         <name>.bss</name>
         <uninitialized>true</uninitialized>
         <run_address>0x2000d7f0</run_address>
         <size>0x8</size>
         <input_file_ref idref="fl-2e"/>
      </object_component>
      <object_component id="oc-2e3">
         <name>.bss</name>
         <uninitialized>true</uninitialized>
         <run_address>0x2000da60</run_address>
         <size>0x4</size>
         <input_file_ref idref="fl-4c"/>
      </object_component>
      <object_component id="oc-1a6">
         <name>.bss:buffer_1</name>
         <uninitialized>true</uninitialized>
         <run_address>0x2000cc00</run_address>
         <size>0x400</size>
         <input_file_ref idref="fl-4f"/>
      </object_component>
      <object_component id="oc-1a9">
         <name>.bss:buffer_2</name>
         <uninitialized>true</uninitialized>
         <run_address>0x2000d000</run_address>
         <size>0x400</size>
         <input_file_ref idref="fl-4f"/>
      </object_component>
      <object_component id="oc-213">
         <name>.common:xQueue</name>
         <uninitialized>true</uninitialized>
         <run_address>0x2000da6c</run_address>
         <size>0x4</size>
      </object_component>
      <object_component id="oc-f8">
         <name>.common:IntIsMasked</name>
         <uninitialized>true</uninitialized>
         <run_address>0x2000da70</run_address>
         <size>0x1</size>
      </object_component>
      <object_component id="oc-eb">
         <name>.common:MSP_EXP432P401RLP_DMAControlTable1</name>
         <uninitialized>true</uninitialized>
         <run_address>0x2000d800</run_address>
         <size>0x200</size>
      </object_component>
      <object_component id="oc-4ff">
         <name>.common:RxIrqCnt</name>
         <uninitialized>true</uninitialized>
         <run_address>0x2000da71</run_address>
         <size>0x1</size>
      </object_component>
      <object_component id="oc-3a4">
         <name>.common:g_bDeviceRestartIsRequired</name>
         <uninitialized>true</uninitialized>
         <run_address>0x2000da72</run_address>
         <size>0x1</size>
      </object_component>
      <object_component id="oc-d3">
         <name>.common:ui8Status</name>
         <uninitialized>true</uninitialized>
         <run_address>0x2000da74</run_address>
         <size>0x1</size>
      </object_component>
      <object_component id="oc-d0">
         <name>.common:pData</name>
         <uninitialized>true</uninitialized>
         <run_address>0x2000da68</run_address>
         <size>0x4</size>
      </object_component>
      <object_component id="oc-de">
         <name>.common:ui8DummyRead</name>
         <uninitialized>true</uninitialized>
         <run_address>0x2000da73</run_address>
         <size>0x1</size>
      </object_component>
      <object_component id="oc-da">
         <name>.common:g_ui32ByteCount</name>
         <uninitialized>true</uninitialized>
         <run_address>0x2000da64</run_address>
         <size>0x4</size>
      </object_component>
      <object_component id="oc-2b">
         <name>.stack</name>
         <uninitialized>true</uninitialized>
         <run_address>0x2000fe00</run_address>
         <size>0x0</size>
         <input_file_ref idref="fl-10e"/>
      </object_component>
      <object_component id="oc-60f">
         <name>.stack</name>
         <uninitialized>true</uninitialized>
         <run_address>0x2000fe00</run_address>
         <size>0x0</size>
      </object_component>
      <object_component id="oc-190">
         <name>.debug_info</name>
         <load_address>0x0</load_address>
         <run_address>0x0</run_address>
         <size>0xde1</size>
         <input_file_ref idref="fl-2"/>
      </object_component>
      <object_component id="oc-218">
         <name>.debug_info</name>
         <load_address>0xde1</load_address>
         <run_address>0xde1</run_address>
         <size>0xd9</size>
         <input_file_ref idref="fl-2"/>
      </object_component>
      <object_component id="oc-211">
         <name>.debug_info</name>
         <load_address>0xeba</load_address>
         <run_address>0xeba</run_address>
         <size>0xd5</size>
         <input_file_ref idref="fl-2"/>
      </object_component>
      <object_component id="oc-215">
         <name>.debug_info</name>
         <load_address>0xf8f</load_address>
         <run_address>0xf8f</run_address>
         <size>0xd5</size>
         <input_file_ref idref="fl-2"/>
      </object_component>
      <object_component id="oc-12f">
         <name>.debug_info</name>
         <load_address>0x1064</load_address>
         <run_address>0x1064</run_address>
         <size>0x7f3</size>
         <input_file_ref idref="fl-2"/>
      </object_component>
      <object_component id="oc-2fa">
         <name>.debug_info</name>
         <load_address>0x1857</load_address>
         <run_address>0x1857</run_address>
         <size>0x46a</size>
         <input_file_ref idref="fl-2"/>
      </object_component>
      <object_component id="oc-148">
         <name>.debug_info</name>
         <load_address>0x1cc1</load_address>
         <run_address>0x1cc1</run_address>
         <size>0x30c</size>
         <input_file_ref idref="fl-2"/>
      </object_component>
      <object_component id="oc-fc">
         <name>.debug_info</name>
         <load_address>0x1fcd</load_address>
         <run_address>0x1fcd</run_address>
         <size>0x13e</size>
         <input_file_ref idref="fl-2"/>
      </object_component>
      <object_component id="oc-3c0">
         <name>.debug_info</name>
         <load_address>0x210b</load_address>
         <run_address>0x210b</run_address>
         <size>0x92</size>
         <input_file_ref idref="fl-2"/>
      </object_component>
      <object_component id="oc-220">
         <name>.debug_info</name>
         <load_address>0x219d</load_address>
         <run_address>0x219d</run_address>
         <size>0x87f</size>
         <input_file_ref idref="fl-2"/>
      </object_component>
      <object_component id="oc-1bc">
         <name>.debug_info</name>
         <load_address>0x2a1c</load_address>
         <run_address>0x2a1c</run_address>
         <size>0x611</size>
         <input_file_ref idref="fl-2"/>
      </object_component>
      <object_component id="oc-2ff">
         <name>.debug_info</name>
         <load_address>0x302d</load_address>
         <run_address>0x302d</run_address>
         <size>0x93f</size>
         <input_file_ref idref="fl-2"/>
      </object_component>
      <object_component id="oc-21b">
         <name>.debug_info</name>
         <load_address>0x396c</load_address>
         <run_address>0x396c</run_address>
         <size>0x9a</size>
         <input_file_ref idref="fl-2"/>
      </object_component>
      <object_component id="oc-23e">
         <name>.debug_info</name>
         <load_address>0x3a06</load_address>
         <run_address>0x3a06</run_address>
         <size>0x110</size>
         <input_file_ref idref="fl-2"/>
      </object_component>
      <object_component id="oc-103">
         <name>.debug_info</name>
         <load_address>0x3b16</load_address>
         <run_address>0x3b16</run_address>
         <size>0x103e</size>
         <input_file_ref idref="fl-2"/>
      </object_component>
      <object_component id="oc-19d">
         <name>.debug_info</name>
         <load_address>0x4b54</load_address>
         <run_address>0x4b54</run_address>
         <size>0x9a</size>
         <input_file_ref idref="fl-2"/>
      </object_component>
      <object_component id="oc-291">
         <name>.debug_info</name>
         <load_address>0x4bee</load_address>
[...]
      </symbol>
      <symbol id="sm-12b8">
         <name>wifi_udp_client_open</name>
         <value>0x9377</value>
         <object_component_ref idref="oc-1f9"/>
      </symbol>
      <symbol id="sm-12b9">
         <name>wifi_init</name>
         <value>0x91a1</value>
         <object_component_ref idref="oc-1f9"/>
      </symbol>
      <symbol id="sm-12ba">
         <name>wifi_restore</name>
         <value>0x91fd</value>
         <object_component_ref idref="oc-1f9"/>
      </symbol>
      <symbol id="sm-12bb">
         <name>SimpleLinkNetAppEventHandler</name>
         <value>0x9841</value>
         <object_component_ref idref="oc-1f9"/>
      </symbol>
      <symbol id="sm-12bc">
         <name>wifi_tcp_client_send</name>
         <value>0x92f7</value>
         <object_component_ref idref="oc-1f9"/>
      </symbol>
      <symbol id="sm-12bd">
         <name>SimpleLinkSockEventHandler</name>
         <value>0x9891</value>
         <object_component_ref idref="oc-1f9"/>
      </symbol>
      <symbol id="sm-12be">
         <name>SimpleLinkHttpServerCallback</name>
         <value>0x9871</value>
         <object_component_ref idref="oc-1f9"/>
      </symbol>
      <symbol id="sm-12bf">
         <name>wifi_tcp_client_receive</name>
         <value>0x9337</value>
         <object_component_ref idref="oc-1f9"/>
      </symbol>
      <symbol id="sm-12c0">
         <name>wifi_sleep</name>
         <value>0x922b</value>
         <object_component_ref idref="oc-1f9"/>
      </symbol>
      <symbol id="sm-12c1">
         <name>wifi_udp_client_receive</name>
         <value>0x93e3</value>
         <object_component_ref idref="oc-1f9"/>
      </symbol>
      <symbol id="sm-12c2">
         <name>wifi_udp_server_open</name>
         <value>0x938f</value>
         <object_component_ref idref="oc-1f9"/>
      </symbol>
      <symbol id="sm-12c3">
         <name>wifi_udp_client_send</name>
         <value>0x93ad</value>
         <object_component_ref idref="oc-1f9"/>
      </symbol>
      <symbol id="sm-12c4">
         <name>wifi_set_socket_address</name>
         <value>0x955d</value>
         <object_component_ref idref="oc-1f9"/>
      </symbol>
      <symbol id="sm-12c5">
         <name>SimpleLinkGeneralEventHandler</name>
         <value>0x987f</value>
         <object_component_ref idref="oc-1f9"/>
      </symbol>
      <symbol id="sm-12c6">
         <name>SimpleLinkWlanEventHandler</name>
         <value>0x97cd</value>
         <object_component_ref idref="oc-1f9"/>
      </symbol>
      <symbol id="sm-131a">
         <name>edu_boosterpack_microphone_callback_set</name>
         <value>0xda61</value>
         <object_component_ref idref="oc-49"/>
      </symbol>
      <symbol id="sm-131b">
         <name>edu_boosterpack_microphone_init</name>
         <value>0xda51</value>
         <object_component_ref idref="oc-49"/>
      </symbol>
      <symbol id="sm-131c">
         <name>DMA_INT1_IRQHandler</name>
         <value>0xdc79</value>
         <object_component_ref idref="oc-49"/>
      </symbol>
      <symbol id="sm-131d">
         <name>edu_boosterpack_microphone_restart</name>
         <value>0xdaa9</value>
         <object_component_ref idref="oc-49"/>
      </symbol>
      <symbol id="sm-131e">
         <name>edu_boosterpack_microphone_start</name>
         <value>0xda79</value>
         <object_component_ref idref="oc-49"/>
      </symbol>
      <symbol id="sm-131f">
         <name>edu_boosterpack_microphone_stop</name>
         <value>0xda91</value>
         <object_component_ref idref="oc-49"/>
      </symbol>
      <symbol id="sm-1320">
         <name>edu_boosterpack_microphone_get_data</name>
         <value>0xdb0b</value>
         <object_component_ref idref="oc-49"/>
      </symbol>
      <symbol id="sm-1321">
         <name>edu_boosterpack_microphone_callback_clear</name>
         <value>0xda71</value>
         <object_component_ref idref="oc-49"/>
      </symbol>
      <symbol id="sm-1346">
         <name>edu_boosterpack_sensors_temperature_read</name>
         <value>0xd999</value>
         <object_component_ref idref="oc-1e7"/>
      </symbol>
      <symbol id="sm-1347">
         <name>edu_boosterpack_sensors_init</name>
         <value>0xd7a1</value>
         <object_component_ref idref="oc-1e7"/>
      </symbol>
      <symbol id="sm-1348">
         <name>edu_boosterpack_sensors_acceleration_read</name>
         <value>0xd7bf</value>
         <object_component_ref idref="oc-1e7"/>
      </symbol>
      <symbol id="sm-1349">
         <name>edu_boosterpack_sensors_light_read</name>
         <value>0xd9a9</value>
         <object_component_ref idref="oc-1e7"/>
      </symbol>
      <symbol id="sm-1382">
         <name>debug1_off</name>
         <value>0xce7d</value>
         <object_component_ref idref="oc-1ed"/>
      </symbol>
      <symbol id="sm-1383">
         <name>debug1_toggle</name>
         <value>0xce89</value>
         <object_component_ref idref="oc-1ed"/>
      </symbol>
      <symbol id="sm-1384">
         <name>debug4_on</name>
         <value>0xcedd</value>
         <object_component_ref idref="oc-1ed"/>
      </symbol>
      <symbol id="sm-1385">
         <name>led_red_toggle</name>
         <value>0xcdf9</value>
         <object_component_ref idref="oc-1ed"/>
      </symbol>
      <symbol id="sm-1386">
         <name>led_green_toggle</name>
         <value>0xce41</value>
         <object_component_ref idref="oc-1ed"/>
      </symbol>
      <symbol id="sm-1387">
         <name>led_red1_off</name>
         <value>0xce59</value>
         <object_component_ref idref="oc-1ed"/>
      </symbol>
      <symbol id="sm-1388">
         <name>debug1_on</name>
         <value>0xce71</value>
         <object_component_ref idref="oc-1ed"/>
      </symbol>
      <symbol id="sm-1389">
         <name>board_init</name>
         <value>0xcdcd</value>
         <object_component_ref idref="oc-1ed"/>
      </symbol>
      <symbol id="sm-138a">
         <name>led_red_off</name>
         <value>0xcded</value>
         <object_component_ref idref="oc-1ed"/>
      </symbol>
      <symbol id="sm-138b">
         <name>led_red1_toggle</name>
         <value>0xce65</value>
         <object_component_ref idref="oc-1ed"/>
      </symbol>
      <symbol id="sm-138c">
         <name>led_blue_off</name>
         <value>0xce11</value>
         <object_component_ref idref="oc-1ed"/>
      </symbol>
      <symbol id="sm-138d">
         <name>debug3_toggle</name>
         <value>0xced1</value>
         <object_component_ref idref="oc-1ed"/>
      </symbol>
      <symbol id="sm-138e">
         <name>debug4_toggle</name>
         <value>0xcef5</value>
         <object_component_ref idref="oc-1ed"/>
      </symbol>
      <symbol id="sm-138f">
         <name>led_red_on</name>
         <value>0xcde1</value>
         <object_component_ref idref="oc-1ed"/>
      </symbol>
      <symbol id="sm-1390">
         <name>debug4_off</name>
         <value>0xcee9</value>
         <object_component_ref idref="oc-1ed"/>
      </symbol>
      <symbol id="sm-1391">
         <name>debug3_on</name>
         <value>0xceb9</value>
         <object_component_ref idref="oc-1ed"/>
      </symbol>
      <symbol id="sm-1392">
         <name>led_blue_toggle</name>
         <value>0xce1d</value>
         <object_component_ref idref="oc-1ed"/>
      </symbol>
      <symbol id="sm-1393">
         <name>debug2_toggle</name>
         <value>0xcead</value>
         <object_component_ref idref="oc-1ed"/>
      </symbol>
      <symbol id="sm-1394">
         <name>debug2_off</name>
         <value>0xcea1</value>
         <object_component_ref idref="oc-1ed"/>
      </symbol>
      <symbol id="sm-1395">
         <name>debug2_on</name>
         <value>0xce95</value>
         <object_component_ref idref="oc-1ed"/>
      </symbol>
      <symbol id="sm-1396">
         <name>debug3_off</name>
         <value>0xcec5</value>
         <object_component_ref idref="oc-1ed"/>
      </symbol>
      <symbol id="sm-1397">
         <name>led_green_off</name>
         <value>0xce35</value>
         <object_component_ref idref="oc-1ed"/>
      </symbol>
      <symbol id="sm-1398">
         <name>led_blue_on</name>
         <value>0xce05</value>
         <object_component_ref idref="oc-1ed"/>
      </symbol>
      <symbol id="sm-1399">
         <name>led_green_on</name>
         <value>0xce29</value>
         <object_component_ref idref="oc-1ed"/>
      </symbol>
      <symbol id="sm-139a">
         <name>led_red1_on</name>
         <value>0xce4d</value>
         <object_component_ref idref="oc-1ed"/>
      </symbol>
      <symbol id="sm-13ac">
         <name>_c_int00</name>
         <value>0xf88d</value>
         <object_component_ref idref="oc-25"/>
      </symbol>
      <symbol id="sm-13ad">
         <name>__stack</name>
         <value>0x2000fe00</value>
         <object_component_ref idref="oc-2b"/>
      </symbol>
      <symbol id="sm-13cb">
         <name>__TI_decompress_lzss</name>
         <value>0xf7bf</value>
         <object_component_ref idref="oc-13"/>
      </symbol>
      <symbol id="sm-13e2">
         <name>__TI_decompress_none</name>
         <value>0xfc15</value>
         <object_component_ref idref="oc-19"/>
      </symbol>
      <symbol id="sm-13f4">
         <name>__TI_zero_init</name>
         <value>0xfc23</value>
         <object_component_ref idref="oc-1f"/>
      </symbol>
      <symbol id="sm-1484">
         <name>pow</name>
         <value>0x87f5</value>
         <object_component_ref idref="oc-365"/>
      </symbol>
      <symbol id="sm-1485">
         <name>powl</name>
         <value>0x87f5</value>
         <object_component_ref idref="oc-365"/>
      </symbol>
      <symbol id="sm-14a9">
         <name>sqrtl</name>
         <value>0xeae9</value>
         <object_component_ref idref="oc-4d6"/>
      </symbol>
      <symbol id="sm-14aa">
         <name>sqrt</name>
         <value>0xeae9</value>
         <object_component_ref idref="oc-4d6"/>
      </symbol>
      <symbol id="sm-14b2">
         <name>errno</name>
         <value>0x200001a4</value>
         <object_component_ref idref="oc-4dc"/>
      </symbol>
      <symbol id="sm-14d3">
         <name>C$$EXIT</name>
         <value>0xf8e1</value>
         <object_component_ref idref="oc-93"/>
      </symbol>
      <symbol id="sm-14d4">
         <name>abort</name>
         <value>0xf8e5</value>
         <object_component_ref idref="oc-93"/>
      </symbol>
      <symbol id="sm-14d5">
         <name>exit</name>
         <value>0xf8ed</value>
         <object_component_ref idref="oc-93"/>
      </symbol>
      <symbol id="sm-14d6">
         <name>__TI_dtors_ptr</name>
         <value>0x2000015c</value>
         <object_component_ref idref="oc-136"/>
      </symbol>
      <symbol id="sm-14d7">
         <name>__TI_cleanup_ptr</name>
         <value>0x20000158</value>
         <object_component_ref idref="oc-136"/>
      </symbol>
      <symbol id="sm-14d8">
         <name>__TI_enable_exit_profile_output</name>
         <value>0x20000160</value>
         <object_component_ref idref="oc-136"/>
      </symbol>
      <symbol id="sm-14ef">
         <name>__aeabi_dsub</name>
         <value>0xe931</value>
         <object_component_ref idref="oc-360"/>
      </symbol>
      <symbol id="sm-14f0">
         <name>__aeabi_dadd</name>
         <value>0xe93b</value>
         <object_component_ref idref="oc-360"/>
      </symbol>
      <symbol id="sm-1512">
         <name>__aeabi_cdcmpeq</name>
         <value>0xf559</value>
         <object_component_ref idref="oc-47d"/>
      </symbol>
      <symbol id="sm-1513">
         <name>__aeabi_cdcmple</name>
         <value>0xf559</value>
         <object_component_ref idref="oc-47d"/>
      </symbol>
      <symbol id="sm-1514">
         <name>__aeabi_cdrcmple</name>
         <value>0xf5df</value>
         <object_component_ref idref="oc-482"/>
      </symbol>
      <symbol id="sm-1528">
         <name>__aeabi_ddiv</name>
         <value>0xeefd</value>
         <object_component_ref idref="oc-36b"/>
      </symbol>
      <symbol id="sm-1533">
         <name>__aeabi_dmul</name>
         <value>0xf15d</value>
         <object_component_ref idref="oc-35b"/>
      </symbol>
      <symbol id="sm-153d">
         <name>__aeabi_d2iz</name>
         <value>0xfa21</value>
         <object_component_ref idref="oc-487"/>
      </symbol>
      <symbol id="sm-1549">
         <name>__aeabi_d2f</name>
         <value>0xf751</value>
         <object_component_ref idref="oc-370"/>
      </symbol>
      <symbol id="sm-1554">
         <name>__aeabi_f2d</name>
         <value>0xfae7</value>
         <object_component_ref idref="oc-1ff"/>
      </symbol>
      <symbol id="sm-155e">
         <name>__aeabi_i2d</name>
         <value>0xfb1f</value>
         <object_component_ref idref="oc-356"/>
      </symbol>
      <symbol id="sm-157b">
         <name>memcpy</name>
         <value>0xf427</value>
         <object_component_ref idref="oc-63"/>
      </symbol>
      <symbol id="sm-157c">
         <name>__aeabi_memcpy</name>
         <value>0xf427</value>
         <object_component_ref idref="oc-63"/>
      </symbol>
      <symbol id="sm-157d">
         <name>__aeabi_memcpy8</name>
         <value>0xf427</value>
         <object_component_ref idref="oc-63"/>
      </symbol>
      <symbol id="sm-157e">
         <name>__aeabi_memcpy4</name>
         <value>0xf427</value>
         <object_component_ref idref="oc-63"/>
      </symbol>
      <symbol id="sm-158d">
         <name>__aeabi_memset</name>
         <value>0xf667</value>
         <object_component_ref idref="oc-6f"/>
      </symbol>
      <symbol id="sm-158e">
         <name>memset</name>
         <value>0xf66d</value>
         <object_component_ref idref="oc-6f"/>
      </symbol>
      <symbol id="sm-158f">
         <name>__aeabi_memset8</name>
         <value>0xf667</value>
         <object_component_ref idref="oc-6f"/>
      </symbol>
      <symbol id="sm-1590">
         <name>__aeabi_memset4</name>
         <value>0xf667</value>
         <object_component_ref idref="oc-6f"/>
      </symbol>
      <symbol id="sm-1591">
         <name>__aeabi_memclr8</name>
         <value>0xf665</value>
         <object_component_ref idref="oc-6f"/>
      </symbol>
      <symbol id="sm-1592">
         <name>__aeabi_memclr4</name>
         <value>0xf665</value>
         <object_component_ref idref="oc-6f"/>
      </symbol>
      <symbol id="sm-1593">
         <name>__aeabi_memclr</name>
         <value>0xf665</value>
         <object_component_ref idref="oc-6f"/>
      </symbol>
      <symbol id="sm-159d">
         <name>__mpu_init</name>
         <value>0x48bf</value>
         <object_component_ref idref="oc-7b"/>
      </symbol>
      <symbol id="sm-15a7">
         <name>_system_pre_init</name>
         <value>0xfc2f</value>
         <object_component_ref idref="oc-81"/>
      </symbol>
      <symbol id="sm-15de">
         <name>exp2l</name>
         <value>0xe1a9</value>
         <object_component_ref idref="oc-37f"/>
      </symbol>
      <symbol id="sm-15df">
         <name>exp2</name>
         <value>0xe1a9</value>
         <object_component_ref idref="oc-37f"/>
      </symbol>
      <symbol id="sm-1601">
         <name>scalbn</name>
         <value>0xf259</value>
         <object_component_ref idref="oc-498"/>
      </symbol>
      <symbol id="sm-1602">
         <name>scalbnl</name>
         <value>0xf259</value>
         <object_component_ref idref="oc-498"/>
      </symbol>
      <symbol id="sm-1603">
         <name>ldexpl</name>
         <value>0xf259</value>
         <object_component_ref idref="oc-498"/>
      </symbol>
      <symbol id="sm-1604">
         <name>ldexp</name>
         <value>0xf259</value>
         <object_component_ref idref="oc-498"/>
      </symbol>
      <symbol id="sm-1625">
         <name>snprintf</name>
         <value>0xf4c5</value>
         <object_component_ref idref="oc-204"/>
      </symbol>
      <symbol id="sm-162d">
         <name>main_func_sp</name>
         <value>0x200001a8</value>
         <object_component_ref idref="oc-99"/>
      </symbol>
      <symbol id="sm-163b">
         <name>strlen</name>
         <value>0xfc01</value>
         <object_component_ref idref="oc-477"/>
      </symbol>
      <symbol id="sm-1645">
         <name>__aeabi_ui2d</name>
         <value>0xfb6d</value>
         <object_component_ref idref="oc-37a"/>
      </symbol>
      <symbol id="sm-165e">
         <name>_nop</name>
         <value>0xfbe7</value>
         <object_component_ref idref="oc-22e"/>
      </symbol>
      <symbol id="sm-165f">
         <name>_lock</name>
         <value>0x20000188</value>
         <object_component_ref idref="oc-139"/>
      </symbol>
      <symbol id="sm-1660">
         <name>_unlock</name>
         <value>0x2000018c</value>
         <object_component_ref idref="oc-139"/>
      </symbol>
      <symbol id="sm-1661">
         <name>_register_lock</name>
         <value>0xfbdf</value>
         <object_component_ref idref="oc-22e"/>
      </symbol>
      <symbol id="sm-1662">
         <name>_register_unlock</name>
         <value>0xfbd9</value>
         <object_component_ref idref="oc-22e"/>
      </symbol>
      <symbol id="sm-1763">
         <name>__TI_printfi</name>
         <value>0x3fc5</value>
         <object_component_ref idref="oc-305"/>
      </symbol>
      <symbol id="sm-1777">
         <name>_args_main</name>
         <value>0xfba9</value>
         <object_component_ref idref="oc-8d"/>
      </symbol>
      <symbol id="sm-178d">
         <name>atoi</name>
         <value>0xf989</value>
         <object_component_ref idref="oc-4a4"/>
      </symbol>
      <symbol id="sm-17b7">
         <name>__TI_auto_init</name>
         <value>0xf6e1</value>
         <object_component_ref idref="oc-87"/>
      </symbol>
      <symbol id="sm-17d1">
         <name>copy_in</name>
         <value>0xf9d5</value>
         <object_component_ref idref="oc-120"/>
      </symbol>
      <symbol id="sm-17dc">
         <name>_ctypes_</name>
         <value>0x10c38</value>
         <object_component_ref idref="oc-5a9"/>
      </symbol>
      <symbol id="sm-17ec">
         <name>ltoa</name>
         <value>0xf935</value>
         <object_component_ref idref="oc-48c"/>
      </symbol>
      <symbol id="sm-17fc">
         <name>memccpy</name>
         <value>0xfb8d</value>
         <object_component_ref idref="oc-4aa"/>
      </symbol>
      <symbol id="sm-1806">
         <name>copysign</name>
         <value>0xfbed</value>
         <object_component_ref idref="oc-59f"/>
      </symbol>
      <symbol id="sm-1807">
         <name>copysignl</name>
         <value>0xfbed</value>
         <object_component_ref idref="oc-59f"/>
      </symbol>
      <symbol id="sm-181d">
         <name>frexpl</name>
         <value>0xf829</value>
         <object_component_ref idref="oc-492"/>
      </symbol>
      <symbol id="sm-181e">
         <name>frexp</name>
         <value>0xf829</value>
         <object_component_ref idref="oc-492"/>
      </symbol>
      <symbol id="sm-1828">
         <name>_system_post_cinit</name>
         <value>0xeae7</value>
         <object_component_ref idref="oc-126"/>
      </symbol>
      <symbol id="sm-1838">
         <name>strchr</name>
         <value>0xfbc1</value>
         <object_component_ref idref="oc-49e"/>
      </symbol>
      <symbol id="sm-1854">
         <name>__aeabi_uldivmod</name>
         <value>0xe3a5</value>
         <object_component_ref idref="oc-472"/>
      </symbol>
      <symbol id="sm-1855">
         <name>__TI_static_base__</name>
         <value>0x0</value>
      </symbol>
      <symbol id="sm-1858">
         <name>SHT$$INIT_ARRAY$$Limit</name>
         <value>0x0</value>
      </symbol>
      <symbol id="sm-1859">
         <name>SHT$$INIT_ARRAY$$Base</name>
         <value>0x0</value>
      </symbol>
   </symbol_table>
   <title>Link successful</title>
</link_info>
